<html>
<body>
<pre>
<h1>µVision Build Log</h1>
<h2>Project:</h2>
C:\Users\robert\Documents\fh\STM32Proj\main_STM32F4xx.uvproj
Project File Date:  10/19/2017

<h2>Output:</h2>
Rebuild target 'Target'
creating preprocessor file for lib.cpp...
compiling lib.cpp...
creating preprocessor file for main.cpp...
compiling main.cpp...
creating preprocessor file for RTOS.cpp...
compiling RTOS.cpp...
assembling RTOScontext.s...
assembling startup_stm32f4xx.s...
creating preprocessor file for Controller.cpp...
compiling Controller.cpp...
creating preprocessor file for VGA.cpp...
compiling VGA.cpp...
creating preprocessor file for DMA_STM32F04.cpp...
compiling DMA_STM32F04.cpp...
linking...
Program Size: Code=6600 RO-data=1988 RW-data=148 ZI-data=33204  
FromELF: creating hex file...
".\Bin\STM32F4xx\main.axf" - 0 Error(s), 0 Warning(s).
Load "C:\\Users\\robert\\Documents\\fh\\STM32Proj\\Bin\\STM32F4xx\\main.axf" 
Erase Done.
Programming Done.
Verify OK.
Application running ...
</pre>
</body>
</html>
"C:\\Users\\robert\\Documents\\fh\\STM32Proj\\Bin\\STM32F4xx\\main.axf" 
Erase Done.
Programming Done.
Verify OK.
Application running ...
t list
            argument types are: (cHwPort_N *, int, cDevDigital::Mode, int)
                        : pinHSync(port, 6, cDevDigital::Out, 0)
Src\VGA.h(22): error:  #289: no instance of constructor "cDevDigital::cDevDigital" matches the argument list
            argument types are: (cHwPort_N *, int, cDevDigital::Mode, int)
                        , pinVSync(port, 7, cDevDigital::Out, 0)
Src\VGA.cpp(93): warning:  #68-D: integer conversion resulted in a change of sign
                                        Line = -1;
Src\VGA.cpp: 1 warning, 2 errors
".\Bin\STM32F4xx\main.axf" - 5 Error(s), 1 Warning(s).
Target not created
VGA.cpp(93): warning:  #68-D: integer conversion resulted in a change of sign
                                        Line = -1;
Src\VGA.cpp: 1 warning, 3 errors
creating preprocessor file for DMA_STM32F04.cpp...
compiling DMA_STM32F04.cpp...
".\Bin\STM32F4xx\main.axf" - 7 Error(s), 1 Warning(s).
Target not created
Load "C:\\Users\\robert\\Documents\\fh\\STM32Proj\\Bin\\STM32F4xx\\main.axf" 
_____^
*** error 56: cannot open file
Error: Flash Download failed  -  Could not load file 'C:\Users\robert\Documents\fh\STM32Proj\Bin\STM32F4xx\main.axf'
sible
                __dma->dmaPort.clr(__dma->dmaPinMask);
Src\DMA_STM32F04.cpp: 0 warnings, 3 errors
".\Bin\STM32F4xx\main.axf" - 11 Error(s), 1 Warning(s).
Target not created
 is inaccessible
                __dma->dmaPort.clr(__dma->dmaPinMask);
Src\DMA_STM32F04.cpp: 0 warnings, 4 errors
".\Bin\STM32F4xx\main.axf" - 13 Error(s), 1 Warning(s).
Target not created
