ARM Linker, 5.03 [Build 76] [MDK-ARM Lite]

==============================================================================

Section Cross References

    lib.o(i.ADC_IRQHandler) refers to lib.o(.data) for cHwADC_0::adcPtr
    lib.o(i.OTG_FS_IRQHandler) refers to lib.o(i._ZN7cSystem16disableInterruptEv) for cSystem::disableInterrupt()
    lib.o(i.OTG_FS_IRQHandler) refers to lib.o(i._ZN8cHwUSB_03isrEv) for cHwUSB_0::isr()
    lib.o(i.OTG_FS_IRQHandler) refers to lib.o(i._ZN7cSystem15enableInterruptEv) for cSystem::enableInterrupt()
    lib.o(i.OTG_FS_IRQHandler) refers to lib.o(.data) for cHwUSB_0::usbPtr
    lib.o(i.PendSV_Handler) refers to rtoscontext.o(.text) for save_context
    lib.o(i.PendSV_Handler) refers to lib.o(.data) for stackPointer
    lib.o(i.SysTick_Handler) refers to rtoscontext.o(.text) for save_context
    lib.o(i.SysTick_Handler) refers to lib.o(.data) for stackPointer
    lib.o(i.TIM1_UP_TIM10_IRQHandler) refers to lib.o(i._ZN10cHwTimer_N5isr_NEv) for cHwTimer_N::isr_N()
    lib.o(i.TIM1_UP_TIM10_IRQHandler) refers to lib.o(.data) for cHwTimer_N::timerPtr_1
    lib.o(i.TIM2_IRQHandler) refers to lib.o(i._ZN10cHwTimer_N5isr_NEv) for cHwTimer_N::isr_N()
    lib.o(i.TIM2_IRQHandler) refers to lib.o(.data) for cHwTimer_N::timerPtr_2
    lib.o(i.TIM3_IRQHandler) refers to lib.o(i._ZN10cHwTimer_N5isr_NEv) for cHwTimer_N::isr_N()
    lib.o(i.TIM3_IRQHandler) refers to lib.o(.data) for cHwTimer_N::timerPtr_3
    lib.o(i.TIM4_IRQHandler) refers to lib.o(i._ZN10cHwTimer_N5isr_NEv) for cHwTimer_N::isr_N()
    lib.o(i.TIM4_IRQHandler) refers to lib.o(.data) for cHwTimer_N::timerPtr_4
    lib.o(i.TIM5_IRQHandler) refers to lib.o(i._ZN10cHwTimer_N5isr_NEv) for cHwTimer_N::isr_N()
    lib.o(i.TIM5_IRQHandler) refers to lib.o(.data) for cHwTimer_N::timerPtr_5
    lib.o(i.TIM7_IRQHandler) refers to lib.o(i._ZN10cHwTimer_N5isr_NEv) for cHwTimer_N::isr_N()
    lib.o(i.TIM7_IRQHandler) refers to lib.o(.data) for cHwTimer_N::timerPtr_7
    lib.o(i.TIM8_CC_IRQHandler) refers to lib.o(i._ZN10cHwTimer_N5isr_NEv) for cHwTimer_N::isr_N()
    lib.o(i.TIM8_CC_IRQHandler) refers to lib.o(.data) for cHwTimer_N::timerPtr_8
    lib.o(i.UART4_IRQHandler) refers to lib.o(i._ZN9cHwUART_N3isrEv) for cHwUART_N::isr()
    lib.o(i.UART4_IRQHandler) refers to lib.o(.data) for cHwUART_N::uartPtr_4
    lib.o(i.USART1_IRQHandler) refers to lib.o(i._ZN9cHwUART_N3isrEv) for cHwUART_N::isr()
    lib.o(i.USART1_IRQHandler) refers to lib.o(.data) for cHwUART_N::uartPtr_1
    lib.o(i.USART2_IRQHandler) refers to lib.o(i._ZN9cHwUART_N3isrEv) for cHwUART_N::isr()
    lib.o(i.USART2_IRQHandler) refers to lib.o(.data) for cHwUART_N::uartPtr_2
    lib.o(i.USART3_IRQHandler) refers to lib.o(i._ZN9cHwUART_N3isrEv) for cHwUART_N::isr()
    lib.o(i.USART3_IRQHandler) refers to lib.o(.data) for cHwUART_N::uartPtr_3
    lib.o(i.USART6_IRQHandler) refers to lib.o(i._ZN9cHwUART_N3isrEv) for cHwUART_N::isr()
    lib.o(i.USART6_IRQHandler) refers to lib.o(.data) for cHwUART_N::uartPtr_6
    lib.o(i._Z4ntohj) refers to lib.o(i._Z4htonj) for hton(unsigned)
    lib.o(i._Z4ntoht) refers to lib.o(i._Z4htont) for hton(unsigned short)
    lib.o(i._ZN10cDevTextIO6printfEPKcz) refers to c89vsnprintf.o(.text) for __c89vsnprintf
    lib.o(i._ZN10cDevTextIO6printfEPKcz) refers to strlen.o(.text) for strlen
    lib.o(i._ZN10cDevTextIO9getStringEv) refers to strchr.o(.text) for strchr
    lib.o(i._ZN10cDevTextIOC2EhhPKcS1_) refers to lib.o(i._Znaj) for operator new[] (unsigned)
    lib.o(i._ZN10cDevTextIOC2EhhPKcS1_) refers to lib.o(.constdata__ZTV10cDevTextIO) for vtable for cDevTextIO
    lib.o(i._ZN10cHwDisplayC2Ehh) refers to lib.o(.constdata__ZTV10cHwDisplay) for vtable for cHwDisplay
    lib.o(i._ZN10cHwTimer_N9enablePWMEhN8cHwTimer4ModeE) refers to lib.o(i._ZN12cHwPinConfig3setENS_8FunctionEj) for cHwPinConfig::set(cHwPinConfig::Function, unsigned)
    lib.o(i._ZN10cHwTimer_NC1ENS_7TimerIdEj) refers to lib.o(i._ZN5cListC1Ev) for cList::cList()
    lib.o(i._ZN10cHwTimer_NC1ENS_7TimerIdEj) refers to lib.o(i._Z14NVIC_EnableIRQ9IRQn_Type) for NVIC_EnableIRQ(IRQn_Type)
    lib.o(i._ZN10cHwTimer_NC1ENS_7TimerIdEj) refers to dflt_clz.o(x$fpl$dfltu) for __aeabi_ui2d
    lib.o(i._ZN10cHwTimer_NC1ENS_7TimerIdEj) refers to dmul.o(x$fpl$dmul) for __aeabi_dmul
    lib.o(i._ZN10cHwTimer_NC1ENS_7TimerIdEj) refers to ddiv.o(x$fpl$ddiv) for __aeabi_ddiv
    lib.o(i._ZN10cHwTimer_NC1ENS_7TimerIdEj) refers to dfixu.o(x$fpl$dfixu) for __aeabi_d2uiz
    lib.o(i._ZN10cHwTimer_NC1ENS_7TimerIdEj) refers to lib.o(.constdata__ZTV8cHwTimer) for vtable for cHwTimer
    lib.o(i._ZN10cHwTimer_NC1ENS_7TimerIdEj) refers to lib.o(.constdata__ZTV10cHwTimer_N) for vtable for cHwTimer_N
    lib.o(i._ZN10cHwTimer_NC1ENS_7TimerIdEj) refers to lib.o(.data) for cHwTimer_N::timerPtr_1
    lib.o(i._ZN10cHwUSBctrl2inEv) refers to lib.o(i._ZN14cHwUSBendpoint9writeDataEv) for cHwUSBendpoint::writeData()
[...]
    ../clib/heapaux.c                        0x00000000   Number         0  heapauxi.o ABSOLUTE
    ../clib/heapaux.c                        0x00000000   Number         0  heapauxa.o ABSOLUTE
    ../clib/libinit.s                        0x00000000   Number         0  libinit.o ABSOLUTE
    ../clib/libinit.s                        0x00000000   Number         0  libinit2.o ABSOLUTE
    ../clib/libinit.s                        0x00000000   Number         0  libshutdown.o ABSOLUTE
    ../clib/libinit.s                        0x00000000   Number         0  libshutdown2.o ABSOLUTE
    ../clib/locale.c                         0x00000000   Number         0  _wcrtomb.o ABSOLUTE
    ../clib/locale.s                         0x00000000   Number         0  lc_numeric_c.o ABSOLUTE
    ../clib/locale.s                         0x00000000   Number         0  lc_ctype_c.o ABSOLUTE
    ../clib/longlong.s                       0x00000000   Number         0  lludivv7m.o ABSOLUTE
    ../clib/longlong.s                       0x00000000   Number         0  lludiv10.o ABSOLUTE
    ../clib/memcpset.s                       0x00000000   Number         0  rt_memclr.o ABSOLUTE
    ../clib/memcpset.s                       0x00000000   Number         0  rt_memcpy_w.o ABSOLUTE
    ../clib/memcpset.s                       0x00000000   Number         0  aeabi_memset.o ABSOLUTE
    ../clib/memcpset.s                       0x00000000   Number         0  rt_memclr_w.o ABSOLUTE
    ../clib/memcpset.s                       0x00000000   Number         0  strcmpv7m.o ABSOLUTE
    ../clib/memcpset.s                       0x00000000   Number         0  rt_memcpy_v6.o ABSOLUTE
    ../clib/misc.s                           0x00000000   Number         0  printf_stubs.o ABSOLUTE
    ../clib/printf.c                         0x00000000   Number         0  _printf_hex_int_ll.o ABSOLUTE
    ../clib/printf.c                         0x00000000   Number         0  _printf_hex_ptr.o ABSOLUTE
    ../clib/printf.c                         0x00000000   Number         0  _printf_hex_int_ptr.o ABSOLUTE
    ../clib/printf.c                         0x00000000   Number         0  _printf_hex_ll_ptr.o ABSOLUTE
    ../clib/printf.c                         0x00000000   Number         0  _printf_hex_int_ll_ptr.o ABSOLUTE
    ../clib/printf.c                         0x00000000   Number         0  _printf_pad.o ABSOLUTE
    ../clib/printf.c                         0x00000000   Number         0  __printf.o ABSOLUTE
    ../clib/printf.c                         0x00000000   Number         0  noretval__2sprintf.o ABSOLUTE
    ../clib/printf.c                         0x00000000   Number         0  __printf_ss.o ABSOLUTE
    ../clib/printf.c                         0x00000000   Number         0  __printf_flags_ss.o ABSOLUTE
    ../clib/printf.c                         0x00000000   Number         0  __printf_wp.o ABSOLUTE
    ../clib/printf.c                         0x00000000   Number         0  __printf_flags_wp.o ABSOLUTE
    ../clib/printf.c                         0x00000000   Number         0  __printf_ss_wp.o ABSOLUTE
    ../clib/printf.c                         0x00000000   Number         0  __printf_flags_ss_wp.o ABSOLUTE
    ../clib/printf.c                         0x00000000   Number         0  __2sprintf.o ABSOLUTE
    ../clib/printf.c                         0x00000000   Number         0  c89vsnprintf.o ABSOLUTE
    ../clib/printf.c                         0x00000000   Number         0  c89vsprintf.o ABSOLUTE
    ../clib/printf.c                         0x00000000   Number         0  _sputc.o ABSOLUTE
    ../clib/printf.c                         0x00000000   Number         0  _printf_char.o ABSOLUTE
    ../clib/printf.c                         0x00000000   Number         0  _printf_fp_infnan.o ABSOLUTE
    ../clib/printf.c                         0x00000000   Number         0  _printf_truncate.o ABSOLUTE
    ../clib/printf.c                         0x00000000   Number         0  _printf_str.o ABSOLUTE
    ../clib/printf.c                         0x00000000   Number         0  __printf_flags.o ABSOLUTE
    ../clib/printf.c                         0x00000000   Number         0  _printf_charcount.o ABSOLUTE
    ../clib/printf.c                         0x00000000   Number         0  _snputc.o ABSOLUTE
    ../clib/printf.c                         0x00000000   Number         0  _printf_wctomb.o ABSOLUTE
    ../clib/printf.c                         0x00000000   Number         0  _printf_longlong_dec.o ABSOLUTE
    ../clib/printf.c                         0x00000000   Number         0  _printf_oct_ll.o ABSOLUTE
    ../clib/printf.c                         0x00000000   Number         0  _printf_wchar.o ABSOLUTE
    ../clib/printf.c                         0x00000000   Number         0  _printf_oct_int.o ABSOLUTE
    ../clib/printf.c                         0x00000000   Number         0  _printf_char_common.o ABSOLUTE
    ../clib/printf.c                         0x00000000   Number         0  __printf_nopercent.o ABSOLUTE
    ../clib/printf.c                         0x00000000   Number         0  _printf_fp_dec.o ABSOLUTE
    ../clib/printf.c                         0x00000000   Number         0  _printf_intcommon.o ABSOLUTE
    ../clib/printf.c                         0x00000000   Number         0  _printf_oct_int_ll.o ABSOLUTE
    ../clib/printf.c                         0x00000000   Number         0  _printf_hex_ll.o ABSOLUTE
    ../clib/printf.c                         0x00000000   Number         0  _printf_hex_int.o ABSOLUTE
    ../clib/printf.c                         0x00000000   Number         0  _printf_dec.o ABSOLUTE
    ../clib/printf_percent.s                 0x00000000   Number         0  _printf_percent_end.o ABSOLUTE
    ../clib/printf_percent.s                 0x00000000   Number         0  _printf_a.o ABSOLUTE
    ../clib/printf_percent.s                 0x00000000   Number         0  _printf_g.o ABSOLUTE
    ../clib/printf_percent.s                 0x00000000   Number         0  _printf_e.o ABSOLUTE
    ../clib/printf_percent.s                 0x00000000   Number         0  _printf_f.o ABSOLUTE
    ../clib/printf_percent.s                 0x00000000   Number         0  _printf_u.o ABSOLUTE
    ../clib/printf_percent.s                 0x00000000   Number         0  _printf_i.o ABSOLUTE
    ../clib/printf_percent.s                 0x00000000   Number         0  _printf_o.o ABSOLUTE
    ../clib/printf_percent.s                 0x00000000   Number         0  _printf_p.o ABSOLUTE
    ../clib/printf_percent.s                 0x00000000   Number         0  _printf_x.o ABSOLUTE
    ../clib/printf_percent.s                 0x00000000   Number         0  _printf_n.o ABSOLUTE
    ../clib/printf_percent.s                 0x00000000   Number         0  _printf_s.o ABSOLUTE
    ../clib/printf_percent.s                 0x00000000   Number         0  _printf_c.o ABSOLUTE
    ../clib/printf_percent.s                 0x00000000   Number         0  _printf_llx.o ABSOLUTE
    ../clib/printf_percent.s                 0x00000000   Number         0  _printf_llo.o ABSOLUTE
    ../clib/printf_percent.s                 0x00000000   Number         0  _printf_ls.o ABSOLUTE
    ../clib/printf_percent.s                 0x00000000   Number         0  _printf_lc.o ABSOLUTE
    ../clib/printf_percent.s                 0x00000000   Number         0  _printf_l.o ABSOLUTE
    ../clib/printf_percent.s                 0x00000000   Number         0  _printf_ll.o ABSOLUTE
    ../clib/printf_percent.s                 0x00000000   Number         0  _printf_llu.o ABSOLUTE
    ../clib/printf_percent.s                 0x00000000   Number         0  _printf_lld.o ABSOLUTE
    ../clib/printf_percent.s                 0x00000000   Number         0  _printf_lli.o ABSOLUTE
    ../clib/printf_percent.s                 0x00000000   Number         0  _printf_d.o ABSOLUTE
    ../clib/printf_percent.s                 0x00000000   Number         0  _printf_percent.o ABSOLUTE
    ../clib/signal.c                         0x00000000   Number         0  defsig_rtred_inner.o ABSOLUTE
    ../clib/signal.c                         0x00000000   Number         0  defsig_rtmem_outer.o ABSOLUTE
    ../clib/signal.c                         0x00000000   Number         0  defsig_exit.o ABSOLUTE
    ../clib/signal.c                         0x00000000   Number         0  defsig_fpe_formal.o ABSOLUTE
    ../clib/signal.c                         0x00000000   Number         0  defsig_fpe_inner.o ABSOLUTE
    ../clib/signal.c                         0x00000000   Number         0  defsig_rtmem_inner.o ABSOLUTE
    ../clib/signal.c                         0x00000000   Number         0  defsig_fpe_outer.o ABSOLUTE
    ../clib/signal.c                         0x00000000   Number         0  defsig_general.o ABSOLUTE
    ../clib/signal.c                         0x00000000   Number         0  __raise.o ABSOLUTE
    ../clib/signal.c                         0x00000000   Number         0  defsig_segv_inner.o ABSOLUTE
    ../clib/signal.c                         0x00000000   Number         0  defsig_cppl_inner.o ABSOLUTE
    ../clib/signal.c                         0x00000000   Number         0  defsig_pvfn_inner.o ABSOLUTE
    ../clib/signal.c                         0x00000000   Number         0  defsig_stak_inner.o ABSOLUTE
    ../clib/signal.c                         0x00000000   Number         0  defsig_other.o ABSOLUTE
    ../clib/signal.c                         0x00000000   Number         0  defsig_abrt_outer.o ABSOLUTE
    ../clib/signal.c                         0x00000000   Number         0  defsig_abrt_formal.o ABSOLUTE
    ../clib/signal.c                         0x00000000   Number         0  defsig_abrt_inner.o ABSOLUTE
    ../clib/signal.c                         0x00000000   Number         0  defsig_rtmem_formal.o ABSOLUTE
    ../clib/signal.s                         0x00000000   Number         0  defsig.o ABSOLUTE
    ../clib/stdlib.c                         0x00000000   Number         0  bsearchnoex.o ABSOLUTE
    ../clib/stdlib.c                         0x00000000   Number         0  exit.o ABSOLUTE
    ../clib/stdlib.c                         0x00000000   Number         0  abort.o ABSOLUTE
    ../clib/string.c                         0x00000000   Number         0  strlen.o ABSOLUTE
    ../clib/string.c                         0x00000000   Number         0  strchr.o ABSOLUTE
    ../clib/string.c                         0x00000000   Number         0  memcmp.o ABSOLUTE
    ../clib/unwind_pr.c                      0x00000000   Number         0  unwind_prcommon.o ABSOLUTE
    ../clib/unwind_pr.c                      0x00000000   Number         0  unwind_pr0.o ABSOLUTE
    ../clib/unwinder.c                       0x00000000   Number         0  unwind_activity.o ABSOLUTE
    ../clib/unwinder.c                       0x00000000   Number         0  unwind_activity.o ABSOLUTE
    ../clib/unwinder.c                       0x00000000   Number         0  unwinder.o ABSOLUTE
    ../clib/unwinder.c                       0x00000000   Number         0  unwinder.o ABSOLUTE
    ../fplib/ddiv.s                          0x00000000   Number         0  ddiv.o ABSOLUTE
    ../fplib/dfixu.s                         0x00000000   Number         0  dfixu.o ABSOLUTE
    ../fplib/dflt.s                          0x00000000   Number         0  dflt_clz.o ABSOLUTE
    ../fplib/dmul.s                          0x00000000   Number         0  dmul.o ABSOLUTE
    ../fplib/dnaninf.s                       0x00000000   Number         0  dnaninf.o ABSOLUTE
    ../fplib/dretinf.s                       0x00000000   Number         0  dretinf.o ABSOLUTE
    ../fplib/fpinit.s                        0x00000000   Number         0  fpinit.o ABSOLUTE
    ../fplib/istatus.s                       0x00000000   Number         0  istatus.o ABSOLUTE
    ../fplib/printf1.s                       0x00000000   Number         0  printf1.o ABSOLUTE
    ../fplib/usenofp.s                       0x00000000   Number         0  usenofp.o ABSOLUTE
    ../mathlib/fpclassify.c                  0x00000000   Number         0  fpclassify.o ABSOLUTE
    ../mathlib/sqrtf.c                       0x00000000   Number         0  sqrtf.o ABSOLUTE
    ../mathlib/sqrtf.c                       0x00000000   Number         0  sqrtf_x.o ABSOLUTE
    ..\EmbSysLib\Lib\Src\Hardware\MCU\STM32F4xx\Sys\Keil\RTOScontext.s 0x00000000   Number         0  rtoscontext.o ABSOLUTE
    ..\EmbSysLib\Lib\Src\Hardware\MCU\STM32F4xx\Sys\Keil\startup_stm32f4xx.s 0x00000000   Number         0  startup_stm32f4xx.o ABSOLUTE
    ..\EmbSysLib\Lib\Src\Module\RTOS.cpp     0x00000000   Number         0  rtos.o ABSOLUTE
    ..\EmbSysLib\Lib\Src\lib.cpp             0x00000000   Number         0  lib.o ABSOLUTE
    ..\\EmbSysLib\\Lib\\Src\\Module\\RTOS.cpp 0x00000000   Number         0  rtos.o ABSOLUTE
    ..\\EmbSysLib\\Lib\\Src\\lib.cpp         0x00000000   Number         0  lib.o ABSOLUTE
    Src\Controller.cpp                       0x00000000   Number         0  controller.o ABSOLUTE
    Src\DMA_STM32F04.cpp                     0x00000000   Number         0  dma_stm32f04.o ABSOLUTE
    Src\VGA.cpp                              0x00000000   Number         0  vga.o ABSOLUTE
    Src\\Controller.cpp                      0x00000000   Number         0  controller.o ABSOLUTE
    Src\\DMA_STM32F04.cpp                    0x00000000   Number         0  dma_stm32f04.o ABSOLUTE
    Src\\VGA.cpp                             0x00000000   Number         0  vga.o ABSOLUTE
    Src\\main.cpp                            0x00000000   Number         0  main.o ABSOLUTE
    Src\main.cpp                             0x00000000   Number         0  main.o ABSOLUTE
    dc.s                                     0x00000000   Number         0  dc.o ABSOLUTE
    RESET                                    0x08000000   Section      392  startup_stm32f4xx.o(RESET)
    !!!main                                  0x08000188   Section        8  __main.o(!!!main)
    !!!scatter                               0x08000190   Section       52  __scatter.o(!!!scatter)
    !!handler_copy                           0x080001c4   Section       26  __scatter_copy.o(!!handler_copy)
    !!handler_zi                             0x080001e0   Section       28  __scatter_zi.o(!!handler_zi)
    .ARM.Collect$$libinit$$00000000          0x080001fc   Section        2  libinit.o(.ARM.Collect$$libinit$$00000000)
    .ARM.Collect$$libinit$$00000001          0x080001fe   Section        4  libinit2.o(.ARM.Collect$$libinit$$00000001)
    .ARM.Collect$$libinit$$00000008          0x08000202   Section        0  libinit2.o(.ARM.Collect$$libinit$$00000008)
    .ARM.Collect$$libinit$$0000000A          0x08000202   Section        0  libinit2.o(.ARM.Collect$$libinit$$0000000A)
    .ARM.Collect$$libinit$$0000000C          0x08000202   Section        0  libinit2.o(.ARM.Collect$$libinit$$0000000C)
    .ARM.Collect$$libinit$$0000000F          0x08000202   Section        0  libinit2.o(.ARM.Collect$$libinit$$0000000F)
    .ARM.Collect$$libinit$$00000011          0x08000202   Section        0  libinit2.o(.ARM.Collect$$libinit$$00000011)
    .ARM.Collect$$libinit$$00000013          0x08000202   Section        0  libinit2.o(.ARM.Collect$$libinit$$00000013)
    .ARM.Collect$$libinit$$00000015          0x08000202   Section        0  libinit2.o(.ARM.Collect$$libinit$$00000015)
    .ARM.Collect$$libinit$$00000017          0x08000202   Section        0  libinit2.o(.ARM.Collect$$libinit$$00000017)
    .ARM.Collect$$libinit$$00000019          0x08000202   Section        0  libinit2.o(.ARM.Collect$$libinit$$00000019)
    .ARM.Collect$$libinit$$0000001B          0x08000202   Section        0  libinit2.o(.ARM.Collect$$libinit$$0000001B)
    .ARM.Collect$$libinit$$0000001D          0x08000202   Section        0  libinit2.o(.ARM.Collect$$libinit$$0000001D)
    .ARM.Collect$$libinit$$0000001F          0x08000202   Section        0  libinit2.o(.ARM.Collect$$libinit$$0000001F)
    .ARM.Collect$$libinit$$00000021          0x08000202   Section        0  libinit2.o(.ARM.Collect$$libinit$$00000021)
    .ARM.Collect$$libinit$$00000023          0x08000202   Section        0  libinit2.o(.ARM.Collect$$libinit$$00000023)
    .ARM.Collect$$libinit$$0000002A          0x08000202   Section        0  libinit2.o(.ARM.Collect$$libinit$$0000002A)
    .ARM.Collect$$libinit$$0000002C          0x08000202   Section        0  libinit2.o(.ARM.Collect$$libinit$$0000002C)
    .ARM.Collect$$libinit$$0000002E          0x08000202   Section        0  libinit2.o(.ARM.Collect$$libinit$$0000002E)
    .ARM.Collect$$libinit$$0000002F          0x08000202   Section        4  libinit2.o(.ARM.Collect$$libinit$$0000002F)
    .ARM.Collect$$libinit$$00000030          0x08000206   Section        0  libinit2.o(.ARM.Collect$$libinit$$00000030)
    .ARM.Collect$$libinit$$00000031          0x08000206   Section        2  libinit2.o(.ARM.Collect$$libinit$$00000031)
    .ARM.Collect$$libshutdown$$00000000      0x08000208   Section        2  libshutdown.o(.ARM.Collect$$libshutdown$$00000000)
    .ARM.Collect$$libshutdown$$00000003      0x0800020a   Section        0  libshutdown2.o(.ARM.Collect$$libshutdown$$00000003)
    .ARM.Collect$$libshutdown$$00000006      0x0800020a   Section        0  libshutdown2.o(.ARM.Collect$$libshutdown$$00000006)
    .ARM.Collect$$libshutdown$$00000009      0x0800020a   Section        0  libshutdown2.o(.ARM.Collect$$libshutdown$$00000009)
    .ARM.Collect$$libshutdown$$0000000B      0x0800020a   Section        0  libshutdown2.o(.ARM.Collect$$libshutdown$$0000000B)
    .ARM.Collect$$libshutdown$$0000000E      0x0800020a   Section        0  libshutdown2.o(.ARM.Collect$$libshutdown$$0000000E)
    .ARM.Collect$$libshutdown$$0000000F      0x0800020a   Section        2  libshutdown2.o(.ARM.Collect$$libshutdown$$0000000F)
    .ARM.Collect$$rtentry$$00000000          0x0800020c   Section        0  rtentry.o(.ARM.Collect$$rtentry$$00000000)
    .ARM.Collect$$rtentry$$00000002          0x0800020c   Section        0  rtentry2.o(.ARM.Collect$$rtentry$$00000002)
    .ARM.Collect$$rtentry$$00000004          0x0800020c   Section        6  rtentry4.o(.ARM.Collect$$rtentry$$00000004)
    .ARM.Collect$$rtentry$$00000009          0x08000212   Section        0  rtentry2.o(.ARM.Collect$$rtentry$$00000009)
    .ARM.Collect$$rtentry$$0000000A          0x08000212   Section        4  rtentry2.o(.ARM.Collect$$rtentry$$0000000A)
    .ARM.Collect$$rtentry$$0000000C          0x08000216   Section        0  rtentry2.o(.ARM.Collect$$rtentry$$0000000C)
    .ARM.Collect$$rtentry$$0000000D          0x08000216   Section        8  rtentry2.o(.ARM.Collect$$rtentry$$0000000D)
    .ARM.Collect$$rtexit$$00000000           0x0800021e   Section        2  rtexit.o(.ARM.Collect$$rtexit$$00000000)
    .ARM.Collect$$rtexit$$00000002           0x08000220   Section        0  rtexit2.o(.ARM.Collect$$rtexit$$00000002)
    .ARM.Collect$$rtexit$$00000003           0x08000220   Section        4  rtexit2.o(.ARM.Collect$$rtexit$$00000003)
    .ARM.Collect$$rtexit$$00000004           0x08000224   Section        6  rtexit2.o(.ARM.Collect$$rtexit$$00000004)
    .text                                    0x0800022c   Section       44  rtoscontext.o(.text)
    $v0                                      0x0800022c   Number         0  rtoscontext.o(.text)
    .text                                    0x08000258   Section       64  startup_stm32f4xx.o(.text)
    $v0                                      0x08000258   Number         0  startup_stm32f4xx.o(.text)
    .text                                    0x08000298   Section        0  abort.o(.text)
    .text                                    0x080002a8   Section       16  aeabi_memset.o(.text)
    .text                                    0x080002b8   Section       68  rt_memclr.o(.text)
    .text                                    0x080002fc   Section        0  heapauxi.o(.text)
    .text                                    0x08000304   Section        0  init_aeabi.o(.text)
    .text                                    0x08000328   Section        0  sys_exit.o(.text)
    .text                                    0x08000334   Section        0  defsig_abrt_outer.o(.text)
    .text                                    0x08000342   Section       78  rt_memclr_w.o(.text)
    .text                                    0x08000390   Section        8  libspace.o(.text)
    .text                                    0x08000398   Section        2  use_no_semi.o(.text)
    .text                                    0x0800039a   Section        0  indicate_semi.o(.text)
    .text                                    0x0800039a   Section        0  defsig_exit.o(.text)
    .text                                    0x080003a4   Section        0  defsig_abrt_inner.o(.text)
    .text                                    0x080003d4   Section       74  sys_stackheap_outer.o(.text)
    .text                                    0x0800041e   Section        0  exit.o(.text)
    .text                                    0x0800042a   Section        0  defsig_general.o(.text)
    .text                                    0x0800045c   Section        0  sys_wrch.o(.text)
    i.ADC_IRQHandler                         0x0800046c   Section        0  lib.o(i.ADC_IRQHandler)
    i.DMA2_Stream1_IRQHandler                0x08000494   Section        0  dma_stm32f04.o(i.DMA2_Stream1_IRQHandler)
    i.LowerHSyncLine                         0x080004d4   Section        0  vga.o(i.LowerHSyncLine)
    i.LowerVSyncLine                         0x080004e8   Section        0  vga.o(i.LowerVSyncLine)
    i.OTG_FS_IRQHandler                      0x080004fc   Section        0  lib.o(i.OTG_FS_IRQHandler)
    i.PendSV_Handler                         0x08000514   Section        0  lib.o(i.PendSV_Handler)
    i.RaiseHSyncLine                         0x08000540   Section        0  vga.o(i.RaiseHSyncLine)
    i.RaiseVSyncLine                         0x08000554   Section        0  vga.o(i.RaiseVSyncLine)
    i.SysTick_Handler                        0x08000568   Section        0  lib.o(i.SysTick_Handler)
    i.SystemInit                             0x080005a4   Section        0  lib.o(i.SystemInit)
    i.TIM1_BRK_TIM9_IRQHandler               0x080006d4   Section        0  vga.o(i.TIM1_BRK_TIM9_IRQHandler)
    i.TIM1_UP_TIM10_IRQHandler               0x080007b0   Section        0  lib.o(i.TIM1_UP_TIM10_IRQHandler)
    i.TIM2_IRQHandler                        0x080007e8   Section        0  lib.o(i.TIM2_IRQHandler)
    i.TIM3_IRQHandler                        0x080007f8   Section        0  lib.o(i.TIM3_IRQHandler)
    i.TIM4_IRQHandler                        0x08000808   Section        0  lib.o(i.TIM4_IRQHandler)
    i.TIM5_IRQHandler                        0x08000818   Section        0  lib.o(i.TIM5_IRQHandler)
    i.TIM7_IRQHandler                        0x08000828   Section        0  lib.o(i.TIM7_IRQHandler)
    i.TIM8_CC_IRQHandler                     0x08000838   Section        0  lib.o(i.TIM8_CC_IRQHandler)
    i.UART4_IRQHandler                       0x08000848   Section        0  lib.o(i.UART4_IRQHandler)
    i.USART1_IRQHandler                      0x08000858   Section        0  lib.o(i.USART1_IRQHandler)
    i.USART2_IRQHandler                      0x08000868   Section        0  lib.o(i.USART2_IRQHandler)
    i.USART3_IRQHandler                      0x08000878   Section        0  lib.o(i.USART3_IRQHandler)
    i.USART6_IRQHandler                      0x08000888   Section        0  lib.o(i.USART6_IRQHandler)
    i._Z10enable_IRQhhi                      0x08000898   Section        0  vga.o(i._Z10enable_IRQhhi)
    enable_IRQ(unsigned char, unsigned char, int) 0x08000899   Thumb Code    78  vga.o(i._Z10enable_IRQhhi)
    i._Z10enable_IRQhhi                      0x080008f0   Section        0  dma_stm32f04.o(i._Z10enable_IRQhhi)
    enable_IRQ(unsigned char, unsigned char, int) 0x080008f1   Thumb Code    78  dma_stm32f04.o(i._Z10enable_IRQhhi)
    i._Z8initPinsj                           0x08000948   Section        0  vga.o(i._Z8initPinsj)
    initPins(unsigned)                       0x08000949   Thumb Code   160  vga.o(i._Z8initPinsj)
    i._Z8initPinsj                           0x080009ec   Section        0  dma_stm32f04.o(i._Z8initPinsj)
    initPins(unsigned)                       0x080009ed   Thumb Code   160  dma_stm32f04.o(i._Z8initPinsj)
    i._ZN10ControllerC1EN9cHwPort_N6PortIdEhhh 0x08000a90   Section        0  main.o(i._ZN10ControllerC1EN9cHwPort_N6PortIdEhhh)
    i._ZN10cHwDisplayC2Ehh                   0x08000b18   Section        0  lib.o(i._ZN10cHwDisplayC2Ehh)
    i._ZN10cHwTimer_N5isr_NEv                0x08000b28   Section        0  lib.o(i._ZN10cHwTimer_N5isr_NEv)
    i._ZN11cDevDigital3setEb                 0x08000b40   Section        0  lib.o(i._ZN11cDevDigital3setEb)
    i._ZN11cDevDigitalC1ER7cHwPorthNS_4ModeEb 0x08000b60   Section        0  lib.o(i._ZN11cDevDigitalC1ER7cHwPorthNS_4ModeEb)
    i._ZN12DMA_STM32F048startDMAEj           0x08000bac   Section        0  dma_stm32f04.o(i._ZN12DMA_STM32F048startDMAEj)
    i._ZN12DMA_STM32F04C1Ej9cHwPort_Nj       0x08000bec   Section        0  dma_stm32f04.o(i._ZN12DMA_STM32F04C1Ej9cHwPort_Nj)
    i._ZN14cHwDisplayFont7setCharEh          0x08000cac   Section        0  lib.o(i._ZN14cHwDisplayFont7setCharEh)
    i._ZN14cHwDisplayFont8getPixelEhh        0x08000cd6   Section        0  lib.o(i._ZN14cHwDisplayFont8getPixelEhh)
    i._ZN14cHwDisplayFontC1EPK24cHwDisplayFontPropertiesPKh 0x08000d06   Section        0  lib.o(i._ZN14cHwDisplayFontC1EPK24cHwDisplayFontPropertiesPKh)
    i._ZN17cHwDisplayGraphic12gotoPixelPosEtt 0x08000d10   Section        0  lib.o(i._ZN17cHwDisplayGraphic12gotoPixelPosEtt)
    i._ZN17cHwDisplayGraphic12putRectangleEtttt 0x08000d16   Section        0  lib.o(i._ZN17cHwDisplayGraphic12putRectangleEtttt)
    i._ZN17cHwDisplayGraphic12setBackColorEt 0x08000d60   Section        0  lib.o(i._ZN17cHwDisplayGraphic12setBackColorEt)
    i._ZN17cHwDisplayGraphic13setPaintColorEt 0x08000d64   Section        0  lib.o(i._ZN17cHwDisplayGraphic13setPaintColorEt)
    i._ZN17cHwDisplayGraphic7putCharEc       0x08000d68   Section        0  lib.o(i._ZN17cHwDisplayGraphic7putCharEc)
    i._ZN17cHwDisplayGraphicC2E14cHwDisplayFonth 0x08000e30   Section        0  lib.o(i._ZN17cHwDisplayGraphicC2E14cHwDisplayFonth)
    i._ZN19cHwDisp_Framebuffer5clearEv       0x08000e74   Section        0  lib.o(i._ZN19cHwDisp_Framebuffer5clearEv)
    i._ZN19cHwDisp_Framebuffer7setAreaEtttt  0x08000e86   Section        0  lib.o(i._ZN19cHwDisp_Framebuffer7setAreaEtttt)
    i._ZN19cHwDisp_Framebuffer8setPixelEt    0x08000e9c   Section        0  lib.o(i._ZN19cHwDisp_Framebuffer8setPixelEt)
    i._ZN19cHwDisp_Framebuffer8setPixelEttt  0x08000ede   Section        0  lib.o(i._ZN19cHwDisp_Framebuffer8setPixelEttt)
    i._ZN19cHwDisp_Framebuffer9resetAreaEv   0x08000eee   Section        0  lib.o(i._ZN19cHwDisp_Framebuffer9resetAreaEv)
    i._ZN19cHwDisp_FramebufferC1EPh14cHwDisplayFonth 0x08000f04   Section        0  lib.o(i._ZN19cHwDisp_FramebufferC1EPh14cHwDisplayFonth)
    i._ZN3VGA4initEv                         0x08000f3c   Section        0  vga.o(i._ZN3VGA4initEv)
    i._ZN3VGA4putsEPci                       0x08001024   Section        0  vga.o(i._ZN3VGA4putsEPci)
    i._ZN3VGAC1EP9cHwPort_NP3DMA             0x08001044   Section        0  main.o(i._ZN3VGAC1EP9cHwPort_NP3DMA)
    i._ZN5cList3addEPNS_4ItemE               0x080010b4   Section        0  lib.o(i._ZN5cList3addEPNS_4ItemE)
    i._ZN5cList4ItemC1EPS_                   0x080010e0   Section        0  lib.o(i._ZN5cList4ItemC1EPS_)
    i._ZN7cHwPort3Pin3setEb                  0x08001100   Section        0  lib.o(i._ZN7cHwPort3Pin3setEb)
    i._ZN7cHwPort3Pin7setModeENS_4ModeE      0x08001120   Section        0  lib.o(i._ZN7cHwPort3Pin7setModeENS_4ModeE)
    i._ZN7cHwPort3PinC1ERS_h                 0x08001134   Section        0  lib.o(i._ZN7cHwPort3PinC1ERS_h)
    i._ZN7cHwPortC2Ev                        0x0800114c   Section        0  lib.o(i._ZN7cHwPortC2Ev)
    i._ZN7cSystem15enableInterruptEv         0x08001158   Section        0  lib.o(i._ZN7cSystem15enableInterruptEv)
    i._ZN7cSystem16disableInterruptEv        0x08001178   Section        0  lib.o(i._ZN7cSystem16disableInterruptEv)
    i._ZN8cHwUSB_010EndpointIN11transmitZLPEv 0x0800118c   Section        0  lib.o(i._ZN8cHwUSB_010EndpointIN11transmitZLPEv)
    i._ZN8cHwUSB_010EndpointIN11writeToFifoEv 0x080011b8   Section        0  lib.o(i._ZN8cHwUSB_010EndpointIN11writeToFifoEv)
    i._ZN8cHwUSB_010EndpointIN12clrInterruptEj 0x08001220   Section        0  lib.o(i._ZN8cHwUSB_010EndpointIN12clrInterruptEj)
    i._ZN8cHwUSB_010EndpointIN12getInterruptEv 0x08001228   Section        0  lib.o(i._ZN8cHwUSB_010EndpointIN12getInterruptEv)
    i._ZN8cHwUSB_010EndpointIN6configEth     0x08001250   Section        0  lib.o(i._ZN8cHwUSB_010EndpointIN6configEth)
    i._ZN8cHwUSB_010EndpointIN8transmitEb    0x080012a4   Section        0  lib.o(i._ZN8cHwUSB_010EndpointIN8transmitEb)
    i._ZN8cHwUSB_011EndpointOUT10receiveZLPEv 0x08001338   Section        0  lib.o(i._ZN8cHwUSB_011EndpointOUT10receiveZLPEv)
    i._ZN8cHwUSB_011EndpointOUT12clrInterruptEj 0x0800136c   Section        0  lib.o(i._ZN8cHwUSB_011EndpointOUT12clrInterruptEj)
    i._ZN8cHwUSB_011EndpointOUT12getInterruptEv 0x08001374   Section        0  lib.o(i._ZN8cHwUSB_011EndpointOUT12getInterruptEv)
    i._ZN8cHwUSB_011EndpointOUT12readFromFifoEt 0x08001388   Section        0  lib.o(i._ZN8cHwUSB_011EndpointOUT12readFromFifoEt)
    i._ZN8cHwUSB_011EndpointOUT6configEth    0x080013bc   Section        0  lib.o(i._ZN8cHwUSB_011EndpointOUT6configEth)
    i._ZN8cHwUSB_011EndpointOUT7receiveEv    0x08001424   Section        0  lib.o(i._ZN8cHwUSB_011EndpointOUT7receiveEv)
    i._ZN8cHwUSB_012clrInterruptEj           0x08001490   Section        0  lib.o(i._ZN8cHwUSB_012clrInterruptEj)
    i._ZN8cHwUSB_014getInInterruptEv         0x080014a0   Section        0  lib.o(i._ZN8cHwUSB_014getInInterruptEv)
    i._ZN8cHwUSB_015getOutInterruptEv        0x080014b8   Section        0  lib.o(i._ZN8cHwUSB_015getOutInterruptEv)
    i._ZN8cHwUSB_018isInterruptPendingEj     0x080014d0   Section        0  lib.o(i._ZN8cHwUSB_018isInterruptPendingEj)
    i._ZN8cHwUSB_03isrEv                     0x080014f0   Section        0  lib.o(i._ZN8cHwUSB_03isrEv)
    i._ZN9cHwPort_N10setPinModeEhN7cHwPort4ModeE 0x0800189c   Section        0  lib.o(i._ZN9cHwPort_N10setPinModeEhN7cHwPort4ModeE)
    i._ZN9cHwPort_N3clrEj                    0x08001924   Section        0  lib.o(i._ZN9cHwPort_N3clrEj)
    i._ZN9cHwPort_N3setEj                    0x0800192a   Section        0  lib.o(i._ZN9cHwPort_N3setEj)
    i._ZN9cHwPort_N7setModeEjN7cHwPort4ModeE 0x08001930   Section        0  lib.o(i._ZN9cHwPort_N7setModeEjN7cHwPort4ModeE)
    i._ZN9cHwPort_NC1ENS_6PortIdE            0x08001960   Section        0  lib.o(i._ZN9cHwPort_NC1ENS_6PortIdE)
    i._ZN9cHwUART_N3isrEv                    0x08001a5c   Section        0  lib.o(i._ZN9cHwUART_N3isrEv)
    i._ZNK14cHwDisplayFont12getCharWidthEv   0x08001a8e   Section        0  lib.o(i._ZNK14cHwDisplayFont12getCharWidthEv)
    i._ZNK14cHwDisplayFont13getCharHeightEv  0x08001a96   Section        0  lib.o(i._ZNK14cHwDisplayFont13getCharHeightEv)
    i.__cxa_pure_virtual                     0x08001a9e   Section        0  lib.o(i.__cxa_pure_virtual)
    i.__sti___8_main_cpp                     0x08001aa4   Section        0  main.o(i.__sti___8_main_cpp)
    __sti___8_main_cpp                       0x08001aa5   Thumb Code    98  main.o(i.__sti___8_main_cpp)
    i.main                                   0x08001b20   Section        0  main.o(i.main)
    t._Z3MINIhET_S0_S0_                      0x08001b38   Section        0  lib.o(t._Z3MINIhET_S0_S0_)
    x$fpl$fpinit                             0x08001b46   Section       10  fpinit.o(x$fpl$fpinit)
    $v0                                      0x08001b46   Number         0  fpinit.o(x$fpl$fpinit)
    .constdata                               0x08001b50   Section     1157  main.o(.constdata)
    fontFont_8x12                            0x08001b50   Data        1157  main.o(.constdata)
    .constdata__ZTV10Controller              0x08001fd8   Section       12  controller.o(.constdata__ZTV10Controller)
    .constdata__ZTV10cHwDisplay              0x08001fe4   Section       28  lib.o(.constdata__ZTV10cHwDisplay)
    .constdata__ZTV11cDevDigital             0x08002000   Section       68  lib.o(.constdata__ZTV11cDevDigital)
    .constdata__ZTV12DMA_STM32F04            0x08002044   Section       12  dma_stm32f04.o(.constdata__ZTV12DMA_STM32F04)
    .constdata__ZTV17cHwDisplayGraphic       0x08002050   Section       80  lib.o(.constdata__ZTV17cHwDisplayGraphic)
    .constdata__ZTV19cHwDisp_Framebuffer     0x080020a0   Section       84  lib.o(.constdata__ZTV19cHwDisp_Framebuffer)
    .constdata__ZTV3DMA                      0x080020f4   Section       12  dma_stm32f04.o(.constdata__ZTV3DMA)
    .constdata__ZTV7cHwPort                  0x08002100   Section       32  lib.o(.constdata__ZTV7cHwPort)
    .constdata__ZTV9cHwPort_N                0x08002120   Section       32  lib.o(.constdata__ZTV9cHwPort_N)
    .constdata__ZTVN5cList4ItemE             0x08002140   Section       12  lib.o(.constdata__ZTVN5cList4ItemE)
    .constdata__ZTVN7cHwPort3PinE            0x0800214c   Section       28  lib.o(.constdata__ZTVN7cHwPort3PinE)
    .init_array                              0x08002188   Section        4  main.o(.init_array)
    .data                                    0x20000000   Section      112  lib.o(.data)
    stackPointer                             0x20000058   Data           4  lib.o(.data)
    stackPointer                             0x2000005c   Data           4  lib.o(.data)
    .data                                    0x20000070   Section       12  main.o(.data)
    .data                                    0x2000007c   Section       20  vga.o(.data)
    __vga                                    0x2000007c   Data           4  vga.o(.data)
    Frame                                    0x20000080   Data           4  vga.o(.data)
    FrameBufferAddress                       0x20000084   Data           4  vga.o(.data)
    CurrentLineAddress                       0x20000088   Data           4  vga.o(.data)
    .data                                    0x20000090   Section        4  dma_stm32f04.o(.data)
    .bss                                     0x20000094   Section      336  main.o(.bss)
    .bss                                     0x200001e4   Section       96  libspace.o(.bss)
    HEAP                                     0x20000248   Section    16384  startup_stm32f4xx.o(HEAP)
    Heap_Mem                                 0x20000248   Data       16384  startup_stm32f4xx.o(HEAP)
    STACK                                    0x20004248   Section    16384  startup_stm32f4xx.o(STACK)
    Stack_Mem                                0x20004248   Data       16384  startup_stm32f4xx.o(STACK)
    __initial_sp                             0x20008248   Data           0  startup_stm32f4xx.o(STACK)

    Global Symbols

    Symbol Name                              Value     Ov Type        Size  Object(Section)

    BuildAttributes$$THM_ISAv4$E$P$D$K$B$S$7EM$VFPi3$EXTD16$VFPS$VFMA$PE$A:L22UL41UL21$X:L11$S22US41US21$IEEE1$IW$USESV6$~STKCKD$USESV7$~SHL$OTIME$ROPI$IEEEJ$EBA8$UX$STANDARDLIB$REQ8$PRES8$EABIv2 0x00000000   Number         0  anon$$obj.o ABSOLUTE
    __ARM_use_no_argv                        0x00000000   Number         0  main.o ABSOLUTE
    _printf_flags                            0x00000000   Number         0  printf_stubs.o ABSOLUTE
    _printf_return_value                     0x00000000   Number         0  printf_stubs.o ABSOLUTE
    _printf_sizespec                         0x00000000   Number         0  printf_stubs.o ABSOLUTE
    _printf_widthprec                        0x00000000   Number         0  printf_stubs.o ABSOLUTE
    SHT$$ARM_EXIDX$$Base                      - Undefined Reference
    SHT$$ARM_EXIDX$$Limit                     - Undefined Reference
    __ARM_exceptions_init                     - Undefined Weak Reference
    __aeabi_unwind_cpp_pr1                    - Undefined Weak Reference
    __aeabi_unwind_cpp_pr2                    - Undefined Weak Reference
    __alloca_initialize                       - Undefined Weak Reference
    __cxa_begin_cleanup                       - Undefined Weak Reference
    __cxa_call_unexpected                     - Undefined Weak Reference
    __cxa_finalize                            - Undefined Weak Reference
    __cxa_type_match                          - Undefined Weak Reference
    __sigvec_lookup                           - Undefined Weak Reference
    __user_heap_extent                        - Undefined Weak Reference
    _atexit_init                              - Undefined Weak Reference
    _call_atexit_fns                          - Undefined Weak Reference
    _clock_init                               - Undefined Weak Reference
    _fp_trap_init                             - Undefined Weak Reference
    _fp_trap_shutdown                         - Undefined Weak Reference
    _get_lc_collate                           - Undefined Weak Reference
    _get_lc_monetary                          - Undefined Weak Reference
    _get_lc_time                              - Undefined Weak Reference
    _getenv_init                              - Undefined Weak Reference
    _handle_redirection                       - Undefined Weak Reference
    _initio                                   - Undefined Weak Reference
    _mutex_acquire                            - Undefined Weak Reference
    _mutex_free                               - Undefined Weak Reference
    _mutex_release                            - Undefined Weak Reference
    _printf_fp_hex                            - Undefined Weak Reference
    _printf_mbtowc                            - Undefined Weak Reference
    _printf_wc                                - Undefined Weak Reference
    _rand_init                                - Undefined Weak Reference
    _signal_finish                            - Undefined Weak Reference
    _signal_init                              - Undefined Weak Reference
    _terminateio                              - Undefined Weak Reference
    __Vectors_Size                           0x00000188   Number         0  startup_stm32f4xx.o ABSOLUTE
    __Vectors                                0x08000000   Data           4  startup_stm32f4xx.o(RESET)
    __Vectors_End                            0x08000188   Data           0  startup_stm32f4xx.o(RESET)
    __main                                   0x08000189   Thumb Code     8  __main.o(!!!main)
    __scatterload                            0x08000191   Thumb Code     0  __scatter.o(!!!scatter)
    __scatterload_rt2                        0x08000191   Thumb Code    44  __scatter.o(!!!scatter)
    __scatterload_rt2_thumb_only             0x08000191   Thumb Code     0  __scatter.o(!!!scatter)
    __scatterload_null                       0x0800019f   Thumb Code     0  __scatter.o(!!!scatter)
    __scatterload_copy                       0x080001c5   Thumb Code    26  __scatter_copy.o(!!handler_copy)
    __scatterload_zeroinit                   0x080001e1   Thumb Code    28  __scatter_zi.o(!!handler_zi)
    __rt_lib_init                            0x080001fd   Thumb Code     0  libinit.o(.ARM.Collect$$libinit$$00000000)
    __rt_lib_init_fp_1                       0x080001ff   Thumb Code     0  libinit2.o(.ARM.Collect$$libinit$$00000001)
    __rt_lib_init_alloca_1                   0x08000203   Thumb Code     0  libinit2.o(.ARM.Collect$$libinit$$0000002C)
    __rt_lib_init_argv_1                     0x08000203   Thumb Code     0  libinit2.o(.ARM.Collect$$libinit$$0000002A)
    __rt_lib_init_atexit_1                   0x08000203   Thumb Code     0  libinit2.o(.ARM.Collect$$libinit$$00000019)
    __rt_lib_init_clock_1                    0x08000203   Thumb Code     0  libinit2.o(.ARM.Collect$$libinit$$0000001F)
    __rt_lib_init_cpp_2                      0x08000203   Thumb Code     0  libinit2.o(.ARM.Collect$$libinit$$0000002F)
    __rt_lib_init_exceptions_1               0x08000203   Thumb Code     0  libinit2.o(.ARM.Collect$$libinit$$0000002E)
    __rt_lib_init_fp_trap_1                  0x08000203   Thumb Code     0  libinit2.o(.ARM.Collect$$libinit$$0000001D)
    __rt_lib_init_getenv_1                   0x08000203   Thumb Code     0  libinit2.o(.ARM.Collect$$libinit$$00000021)
    __rt_lib_init_heap_1                     0x08000203   Thumb Code     0  libinit2.o(.ARM.Collect$$libinit$$00000008)
    __rt_lib_init_lc_collate_1               0x08000203   Thumb Code     0  libinit2.o(.ARM.Collect$$libinit$$0000000F)
    __rt_lib_init_lc_ctype_1                 0x08000203   Thumb Code     0  libinit2.o(.ARM.Collect$$libinit$$00000011)
    __rt_lib_init_lc_monetary_1              0x08000203   Thumb Code     0  libinit2.o(.ARM.Collect$$libinit$$00000013)
    __rt_lib_init_lc_numeric_1               0x08000203   Thumb Code     0  libinit2.o(.ARM.Collect$$libinit$$00000015)
    __rt_lib_init_lc_time_1                  0x08000203   Thumb Code     0  libinit2.o(.ARM.Collect$$libinit$$00000017)
    __rt_lib_init_rand_1                     0x08000203   Thumb Code     0  libinit2.o(.ARM.Collect$$libinit$$0000000C)
    __rt_lib_init_signal_1                   0x08000203   Thumb Code     0  libinit2.o(.ARM.Collect$$libinit$$0000001B)
    __rt_lib_init_stdio_1                    0x08000203   Thumb Code     0  libinit2.o(.ARM.Collect$$libinit$$00000023)
    __rt_lib_init_user_alloc_1               0x08000203   Thumb Code     0  libinit2.o(.ARM.Collect$$libinit$$0000000A)
    __rt_lib_init_cpp_1                      0x08000207   Thumb Code     0  libinit2.o(.ARM.Collect$$libinit$$00000030)
    __rt_lib_init_return                     0x08000207   Thumb Code     0  libinit2.o(.ARM.Collect$$libinit$$00000031)
    __rt_lib_shutdown                        0x08000209   Thumb Code     0  libshutdown.o(.ARM.Collect$$libshutdown$$00000000)
    __rt_lib_shutdown_fp_trap_1              0x0800020b   Thumb Code     0  libshutdown2.o(.ARM.Collect$$libshutdown$$00000006)
    __rt_lib_shutdown_heap_1                 0x0800020b   Thumb Code     0  libshutdown2.o(.ARM.Collect$$libshutdown$$0000000E)
    __rt_lib_shutdown_return                 0x0800020b   Thumb Code     0  libshutdown2.o(.ARM.Collect$$libshutdown$$0000000F)
    __rt_lib_shutdown_signal_1               0x0800020b   Thumb Code     0  libshutdown2.o(.ARM.Collect$$libshutdown$$00000009)
    __rt_lib_shutdown_stdio_1                0x0800020b   Thumb Code     0  libshutdown2.o(.ARM.Collect$$libshutdown$$00000003)
    __rt_lib_shutdown_user_alloc_1           0x0800020b   Thumb Code     0  libshutdown2.o(.ARM.Collect$$libshutdown$$0000000B)
    __rt_entry                               0x0800020d   Thumb Code     0  rtentry.o(.ARM.Collect$$rtentry$$00000000)
    __rt_entry_presh_1                       0x0800020d   Thumb Code     0  rtentry2.o(.ARM.Collect$$rtentry$$00000002)
    __rt_entry_sh                            0x0800020d   Thumb Code     0  rtentry4.o(.ARM.Collect$$rtentry$$00000004)
    __rt_entry_li                            0x08000213   Thumb Code     0  rtentry2.o(.ARM.Collect$$rtentry$$0000000A)
    __rt_entry_postsh_1                      0x08000213   Thumb Code     0  rtentry2.o(.ARM.Collect$$rtentry$$00000009)
    __rt_entry_main                          0x08000217   Thumb Code     0  rtentry2.o(.ARM.Collect$$rtentry$$0000000D)
    __rt_entry_postli_1                      0x08000217   Thumb Code     0  rtentry2.o(.ARM.Collect$$rtentry$$0000000C)
    __rt_exit                                0x0800021f   Thumb Code     0  rtexit.o(.ARM.Collect$$rtexit$$00000000)
    __rt_exit_ls                             0x08000221   Thumb Code     0  rtexit2.o(.ARM.Collect$$rtexit$$00000003)
    __rt_exit_prels_1                        0x08000221   Thumb Code     0  rtexit2.o(.ARM.Collect$$rtexit$$00000002)
    __rt_exit_exit                           0x08000225   Thumb Code     0  rtexit2.o(.ARM.Collect$$rtexit$$00000004)
    save_context                             0x0800022d   Thumb Code    22  rtoscontext.o(.text)
    load_context                             0x08000243   Thumb Code    22  rtoscontext.o(.text)
    Reset_Handler                            0x08000259   Thumb Code     8  startup_stm32f4xx.o(.text)
    NMI_Handler                              0x08000261   Thumb Code     2  startup_stm32f4xx.o(.text)
    HardFault_Handler                        0x08000263   Thumb Code     2  startup_stm32f4xx.o(.text)
    MemManage_Handler                        0x08000265   Thumb Code     2  startup_stm32f4xx.o(.text)
    BusFault_Handler                         0x08000267   Thumb Code     2  startup_stm32f4xx.o(.text)
    UsageFault_Handler                       0x08000269   Thumb Code     2  startup_stm32f4xx.o(.text)
    SVC_Handler                              0x0800026b   Thumb Code     2  startup_stm32f4xx.o(.text)
    DebugMon_Handler                         0x0800026d   Thumb Code     2  startup_stm32f4xx.o(.text)
    CAN1_RX0_IRQHandler                      0x08000273   Thumb Code     0  startup_stm32f4xx.o(.text)
    CAN1_RX1_IRQHandler                      0x08000273   Thumb Code     0  startup_stm32f4xx.o(.text)
    CAN1_SCE_IRQHandler                      0x08000273   Thumb Code     0  startup_stm32f4xx.o(.text)
    CAN1_TX_IRQHandler                       0x08000273   Thumb Code     0  startup_stm32f4xx.o(.text)
    CAN2_RX0_IRQHandler                      0x08000273   Thumb Code     0  startup_stm32f4xx.o(.text)
    CAN2_RX1_IRQHandler                      0x08000273   Thumb Code     0  startup_stm32f4xx.o(.text)
    CAN2_SCE_IRQHandler                      0x08000273   Thumb Code     0  startup_stm32f4xx.o(.text)
    CAN2_TX_IRQHandler                       0x08000273   Thumb Code     0  startup_stm32f4xx.o(.text)
    CRYP_IRQHandler                          0x08000273   Thumb Code     0  startup_stm32f4xx.o(.text)
    DCMI_IRQHandler                          0x08000273   Thumb Code     0  startup_stm32f4xx.o(.text)
    DMA1_Stream0_IRQHandler                  0x08000273   Thumb Code     0  startup_stm32f4xx.o(.text)
    DMA1_Stream1_IRQHandler                  0x08000273   Thumb Code     0  startup_stm32f4xx.o(.text)
    DMA1_Stream2_IRQHandler                  0x08000273   Thumb Code     0  startup_stm32f4xx.o(.text)
    DMA1_Stream3_IRQHandler                  0x08000273   Thumb Code     0  startup_stm32f4xx.o(.text)
    DMA1_Stream4_IRQHandler                  0x08000273   Thumb Code     0  startup_stm32f4xx.o(.text)
    DMA1_Stream5_IRQHandler                  0x08000273   Thumb Code     0  startup_stm32f4xx.o(.text)
    DMA1_Stream6_IRQHandler                  0x08000273   Thumb Code     0  startup_stm32f4xx.o(.text)
    DMA1_Stream7_IRQHandler                  0x08000273   Thumb Code     0  startup_stm32f4xx.o(.text)
    DMA2_Stream0_IRQHandler                  0x08000273   Thumb Code     0  startup_stm32f4xx.o(.text)
    DMA2_Stream2_IRQHandler                  0x08000273   Thumb Code     0  startup_stm32f4xx.o(.text)
    DMA2_Stream3_IRQHandler                  0x08000273   Thumb Code     0  startup_stm32f4xx.o(.text)
    DMA2_Stream4_IRQHandler                  0x08000273   Thumb Code     0  startup_stm32f4xx.o(.text)
    DMA2_Stream5_IRQHandler                  0x08000273   Thumb Code     0  startup_stm32f4xx.o(.text)
    DMA2_Stream6_IRQHandler                  0x08000273   Thumb Code     0  startup_stm32f4xx.o(.text)
    DMA2_Stream7_IRQHandler                  0x08000273   Thumb Code     0  startup_stm32f4xx.o(.text)
    ETH_IRQHandler                           0x08000273   Thumb Code     0  startup_stm32f4xx.o(.text)
    ETH_WKUP_IRQHandler                      0x08000273   Thumb Code     0  startup_stm32f4xx.o(.text)
    EXTI0_IRQHandler                         0x08000273   Thumb Code     0  startup_stm32f4xx.o(.text)
    EXTI15_10_IRQHandler                     0x08000273   Thumb Code     0  startup_stm32f4xx.o(.text)
    EXTI1_IRQHandler                         0x08000273   Thumb Code     0  startup_stm32f4xx.o(.text)
    EXTI2_IRQHandler                         0x08000273   Thumb Code     0  startup_stm32f4xx.o(.text)
    EXTI3_IRQHandler                         0x08000273   Thumb Code     0  startup_stm32f4xx.o(.text)
    EXTI4_IRQHandler                         0x08000273   Thumb Code     0  startup_stm32f4xx.o(.text)
    EXTI9_5_IRQHandler                       0x08000273   Thumb Code     0  startup_stm32f4xx.o(.text)
    FLASH_IRQHandler                         0x08000273   Thumb Code     0  startup_stm32f4xx.o(.text)
    FPU_IRQHandler                           0x08000273   Thumb Code     0  startup_stm32f4xx.o(.text)
    FSMC_IRQHandler                          0x08000273   Thumb Code     0  startup_stm32f4xx.o(.text)
    HASH_RNG_IRQHandler                      0x08000273   Thumb Code     0  startup_stm32f4xx.o(.text)
    I2C1_ER_IRQHandler                       0x08000273   Thumb Code     0  startup_stm32f4xx.o(.text)
    I2C1_EV_IRQHandler                       0x08000273   Thumb Code     0  startup_stm32f4xx.o(.text)
    I2C2_ER_IRQHandler                       0x08000273   Thumb Code     0  startup_stm32f4xx.o(.text)
    I2C2_EV_IRQHandler                       0x08000273   Thumb Code     0  startup_stm32f4xx.o(.text)
    I2C3_ER_IRQHandler                       0x08000273   Thumb Code     0  startup_stm32f4xx.o(.text)
    I2C3_EV_IRQHandler                       0x08000273   Thumb Code     0  startup_stm32f4xx.o(.text)
    OTG_FS_WKUP_IRQHandler                   0x08000273   Thumb Code     0  startup_stm32f4xx.o(.text)
    OTG_HS_EP1_IN_IRQHandler                 0x08000273   Thumb Code     0  startup_stm32f4xx.o(.text)
    OTG_HS_EP1_OUT_IRQHandler                0x08000273   Thumb Code     0  startup_stm32f4xx.o(.text)
    OTG_HS_IRQHandler                        0x08000273   Thumb Code     0  startup_stm32f4xx.o(.text)
    OTG_HS_WKUP_IRQHandler                   0x08000273   Thumb Code     0  startup_stm32f4xx.o(.text)
    PVD_IRQHandler                           0x08000273   Thumb Code     0  startup_stm32f4xx.o(.text)
    RCC_IRQHandler                           0x08000273   Thumb Code     0  startup_stm32f4xx.o(.text)
    RTC_Alarm_IRQHandler                     0x08000273   Thumb Code     0  startup_stm32f4xx.o(.text)
    RTC_WKUP_IRQHandler                      0x08000273   Thumb Code     0  startup_stm32f4xx.o(.text)
    SDIO_IRQHandler                          0x08000273   Thumb Code     0  startup_stm32f4xx.o(.text)
    SPI1_IRQHandler                          0x08000273   Thumb Code     0  startup_stm32f4xx.o(.text)
    SPI2_IRQHandler                          0x08000273   Thumb Code     0  startup_stm32f4xx.o(.text)
    SPI3_IRQHandler                          0x08000273   Thumb Code     0  startup_stm32f4xx.o(.text)
    TAMP_STAMP_IRQHandler                    0x08000273   Thumb Code     0  startup_stm32f4xx.o(.text)
    TIM1_CC_IRQHandler                       0x08000273   Thumb Code     0  startup_stm32f4xx.o(.text)
    TIM1_TRG_COM_TIM11_IRQHandler            0x08000273   Thumb Code     0  startup_stm32f4xx.o(.text)
    TIM6_DAC_IRQHandler                      0x08000273   Thumb Code     0  startup_stm32f4xx.o(.text)
    TIM8_BRK_TIM12_IRQHandler                0x08000273   Thumb Code     0  startup_stm32f4xx.o(.text)
    TIM8_TRG_COM_TIM14_IRQHandler            0x08000273   Thumb Code     0  startup_stm32f4xx.o(.text)
    TIM8_UP_TIM13_IRQHandler                 0x08000273   Thumb Code     0  startup_stm32f4xx.o(.text)
    UART5_IRQHandler                         0x08000273   Thumb Code     0  startup_stm32f4xx.o(.text)
    WWDG_IRQHandler                          0x08000273   Thumb Code     0  startup_stm32f4xx.o(.text)
    __user_initial_stackheap                 0x08000275   Thumb Code     0  startup_stm32f4xx.o(.text)
    abort                                    0x08000299   Thumb Code    16  abort.o(.text)
    __aeabi_memset                           0x080002a9   Thumb Code    16  aeabi_memset.o(.text)
    __aeabi_memclr                           0x080002b9   Thumb Code     0  rt_memclr.o(.text)
    __rt_memclr                              0x080002b9   Thumb Code    68  rt_memclr.o(.text)
    _memset                                  0x080002bd   Thumb Code     0  rt_memclr.o(.text)
    __use_two_region_memory                  0x080002fd   Thumb Code     2  heapauxi.o(.text)
    __rt_heap_escrow                         0x080002ff   Thumb Code     2  heapauxi.o(.text)
    __rt_heap_expand                         0x08000301   Thumb Code     2  heapauxi.o(.text)
    __cpp_initialize__aeabi_                 0x08000305   Thumb Code    26  init_aeabi.o(.text)
    _sys_exit                                0x08000329   Thumb Code     8  sys_exit.o(.text)
    __rt_SIGABRT                             0x08000335   Thumb Code    14  defsig_abrt_outer.o(.text)
    __aeabi_memclr4                          0x08000343   Thumb Code     0  rt_memclr_w.o(.text)
    __aeabi_memclr8                          0x08000343   Thumb Code     0  rt_memclr_w.o(.text)
    __rt_memclr_w                            0x08000343   Thumb Code    78  rt_memclr_w.o(.text)
    _memset_w                                0x08000347   Thumb Code     0  rt_memclr_w.o(.text)
    __user_libspace                          0x08000391   Thumb Code     8  libspace.o(.text)
    __user_perproc_libspace                  0x08000391   Thumb Code     0  libspace.o(.text)
    __user_perthread_libspace                0x08000391   Thumb Code     0  libspace.o(.text)
    __I$use$semihosting                      0x08000399   Thumb Code     0  use_no_semi.o(.text)
    __use_no_semihosting_swi                 0x08000399   Thumb Code     2  use_no_semi.o(.text)
    __semihosting_library_function           0x0800039b   Thumb Code     0  indicate_semi.o(.text)
    __sig_exit                               0x0800039b   Thumb Code    10  defsig_exit.o(.text)
    __rt_SIGABRT_inner                       0x080003a5   Thumb Code    14  defsig_abrt_inner.o(.text)
    __user_setup_stackheap                   0x080003d5   Thumb Code    74  sys_stackheap_outer.o(.text)
    exit                                     0x0800041f   Thumb Code    12  exit.o(.text)
    __default_signal_display                 0x0800042b   Thumb Code    50  defsig_general.o(.text)
    _ttywrch                                 0x0800045d   Thumb Code    14  sys_wrch.o(.text)
    ADC_IRQHandler                           0x0800046d   Thumb Code    30  lib.o(i.ADC_IRQHandler)
    DMA2_Stream1_IRQHandler                  0x08000495   Thumb Code    52  dma_stm32f04.o(i.DMA2_Stream1_IRQHandler)
    LowerHSyncLine                           0x080004d5   Thumb Code    14  vga.o(i.LowerHSyncLine)
    LowerVSyncLine                           0x080004e9   Thumb Code    16  vga.o(i.LowerVSyncLine)
    OTG_FS_IRQHandler                        0x080004fd   Thumb Code    20  lib.o(i.OTG_FS_IRQHandler)
    PendSV_Handler                           0x08000515   Thumb Code    36  lib.o(i.PendSV_Handler)
    RaiseHSyncLine                           0x08000541   Thumb Code    14  vga.o(i.RaiseHSyncLine)
    RaiseVSyncLine                           0x08000555   Thumb Code    16  vga.o(i.RaiseVSyncLine)
    SysTick_Handler                          0x08000569   Thumb Code    46  lib.o(i.SysTick_Handler)
    SystemInit                               0x080005a5   Thumb Code   276  lib.o(i.SystemInit)
    TIM1_BRK_TIM9_IRQHandler                 0x080006d5   Thumb Code   196  vga.o(i.TIM1_BRK_TIM9_IRQHandler)
    TIM1_UP_TIM10_IRQHandler                 0x080007b1   Thumb Code    42  lib.o(i.TIM1_UP_TIM10_IRQHandler)
    TIM2_IRQHandler                          0x080007e9   Thumb Code    12  lib.o(i.TIM2_IRQHandler)
    TIM3_IRQHandler                          0x080007f9   Thumb Code    12  lib.o(i.TIM3_IRQHandler)
    TIM4_IRQHandler                          0x08000809   Thumb Code    12  lib.o(i.TIM4_IRQHandler)
    TIM5_IRQHandler                          0x08000819   Thumb Code    12  lib.o(i.TIM5_IRQHandler)
    TIM7_IRQHandler                          0x08000829   Thumb Code    12  lib.o(i.TIM7_IRQHandler)
    TIM8_CC_IRQHandler                       0x08000839   Thumb Code    12  lib.o(i.TIM8_CC_IRQHandler)
    UART4_IRQHandler                         0x08000849   Thumb Code    12  lib.o(i.UART4_IRQHandler)
    USART1_IRQHandler                        0x08000859   Thumb Code    12  lib.o(i.USART1_IRQHandler)
    USART2_IRQHandler                        0x08000869   Thumb Code    12  lib.o(i.USART2_IRQHandler)
    USART3_IRQHandler                        0x08000879   Thumb Code    12  lib.o(i.USART3_IRQHandler)
    USART6_IRQHandler                        0x08000889   Thumb Code    12  lib.o(i.USART6_IRQHandler)
    Controller::Controller(cHwPort_N::PortId, unsigned char, unsigned char, unsigned char) 0x08000a91   Thumb Code   130  main.o(i._ZN10ControllerC1EN9cHwPort_N6PortIdEhhh)
    Controller::Controller__sub_object(cHwPort_N::PortId, unsigned char, unsigned char, unsigned char) 0x08000a91   Thumb Code     0  main.o(i._ZN10ControllerC1EN9cHwPort_N6PortIdEhhh)
    cHwDisplay::cHwDisplay__sub_object(unsigned char, unsigned char) 0x08000b19   Thumb Code    10  lib.o(i._ZN10cHwDisplayC2Ehh)
    cHwTimer_N::isr_N()                      0x08000b29   Thumb Code    24  lib.o(i._ZN10cHwTimer_N5isr_NEv)
    cDevDigital::set(bool)                   0x08000b41   Thumb Code    32  lib.o(i._ZN11cDevDigital3setEb)
    cDevDigital::cDevDigital(cHwPort&, unsigned char, cDevDigital::Mode, bool) 0x08000b61   Thumb Code    70  lib.o(i._ZN11cDevDigitalC1ER7cHwPorthNS_4ModeEb)
    cDevDigital::cDevDigital__sub_object(cHwPort&, unsigned char, cDevDigital::Mode, bool) 0x08000b61   Thumb Code     0  lib.o(i._ZN11cDevDigitalC1ER7cHwPorthNS_4ModeEb)
    DMA_STM32F04::startDMA(unsigned)         0x08000bad   Thumb Code    48  dma_stm32f04.o(i._ZN12DMA_STM32F048startDMAEj)
    DMA_STM32F04::DMA_STM32F04(unsigned, cHwPort_N, unsigned) 0x08000bed   Thumb Code   156  dma_stm32f04.o(i._ZN12DMA_STM32F04C1Ej9cHwPort_Nj)
    DMA_STM32F04::DMA_STM32F04__sub_object(unsigned, cHwPort_N, unsigned) 0x08000bed   Thumb Code     0  dma_stm32f04.o(i._ZN12DMA_STM32F04C1Ej9cHwPort_Nj)
    cHwDisplayFont::setChar(unsigned char)   0x08000cad   Thumb Code    42  lib.o(i._ZN14cHwDisplayFont7setCharEh)
    cHwDisplayFont::getPixel(unsigned char, unsigned char) 0x08000cd7   Thumb Code    48  lib.o(i._ZN14cHwDisplayFont8getPixelEhh)
    cHwDisplayFont::cHwDisplayFont(const cHwDisplayFontProperties*, const unsigned char*) 0x08000d07   Thumb Code    10  lib.o(i._ZN14cHwDisplayFontC1EPK24cHwDisplayFontPropertiesPKh)
    cHwDisplayFont::cHwDisplayFont__sub_object(const cHwDisplayFontProperties*, const unsigned char*) 0x08000d07   Thumb Code     0  lib.o(i._ZN14cHwDisplayFontC1EPK24cHwDisplayFontPropertiesPKh)
    cHwDisplayGraphic::gotoPixelPos(unsigned short, unsigned short) 0x08000d11   Thumb Code     6  lib.o(i._ZN17cHwDisplayGraphic12gotoPixelPosEtt)
    cHwDisplayGraphic::putRectangle(unsigned short, unsigned short, unsigned short, unsigned short) 0x08000d17   Thumb Code    74  lib.o(i._ZN17cHwDisplayGraphic12putRectangleEtttt)
    cHwDisplayGraphic::setBackColor(unsigned short) 0x08000d61   Thumb Code     4  lib.o(i._ZN17cHwDisplayGraphic12setBackColorEt)
    cHwDisplayGraphic::setPaintColor(unsigned short) 0x08000d65   Thumb Code     4  lib.o(i._ZN17cHwDisplayGraphic13setPaintColorEt)
    cHwDisplayGraphic::putChar(char)         0x08000d69   Thumb Code   198  lib.o(i._ZN17cHwDisplayGraphic7putCharEc)
    cHwDisplayGraphic::cHwDisplayGraphic__sub_object(cHwDisplayFont, unsigned char) 0x08000e31   Thumb Code    62  lib.o(i._ZN17cHwDisplayGraphicC2E14cHwDisplayFonth)
    cHwDisp_Framebuffer::clear()             0x08000e75   Thumb Code    18  lib.o(i._ZN19cHwDisp_Framebuffer5clearEv)
    cHwDisp_Framebuffer::setArea(unsigned short, unsigned short, unsigned short, unsigned short) 0x08000e87   Thumb Code    22  lib.o(i._ZN19cHwDisp_Framebuffer7setAreaEtttt)
    cHwDisp_Framebuffer::setPixel(unsigned short) 0x08000e9d   Thumb Code    66  lib.o(i._ZN19cHwDisp_Framebuffer8setPixelEt)
    cHwDisp_Framebuffer::setPixel(unsigned short, unsigned short, unsigned short) 0x08000edf   Thumb Code    16  lib.o(i._ZN19cHwDisp_Framebuffer8setPixelEttt)
    cHwDisp_Framebuffer::resetArea()         0x08000eef   Thumb Code    22  lib.o(i._ZN19cHwDisp_Framebuffer9resetAreaEv)
    cHwDisp_Framebuffer::cHwDisp_Framebuffer(unsigned char*, cHwDisplayFont, unsigned char) 0x08000f05   Thumb Code    50  lib.o(i._ZN19cHwDisp_FramebufferC1EPh14cHwDisplayFonth)
    cHwDisp_Framebuffer::cHwDisp_Framebuffer__sub_object(unsigned char*, cHwDisplayFont, unsigned char) 0x08000f05   Thumb Code     0  lib.o(i._ZN19cHwDisp_FramebufferC1EPh14cHwDisplayFonth)
    VGA::init()                              0x08000f3d   Thumb Code   182  vga.o(i._ZN3VGA4initEv)
    VGA::puts(char*, int)                    0x08001025   Thumb Code    30  vga.o(i._ZN3VGA4putsEPci)
    VGA::VGA(cHwPort_N*, DMA*)               0x08001045   Thumb Code   104  main.o(i._ZN3VGAC1EP9cHwPort_NP3DMA)
    VGA::VGA__sub_object(cHwPort_N*, DMA*)   0x08001045   Thumb Code     0  main.o(i._ZN3VGAC1EP9cHwPort_NP3DMA)
    cList::add(cList::Item*)                 0x080010b5   Thumb Code    44  lib.o(i._ZN5cList3addEPNS_4ItemE)
    cList::Item::Item(cList*)                0x080010e1   Thumb Code    28  lib.o(i._ZN5cList4ItemC1EPS_)
    cList::Item::Item__sub_object(cList*)    0x080010e1   Thumb Code     0  lib.o(i._ZN5cList4ItemC1EPS_)
    cHwPort::Pin::set(bool)                  0x08001101   Thumb Code    32  lib.o(i._ZN7cHwPort3Pin3setEb)
    cHwPort::Pin::setMode(cHwPort::Mode)     0x08001121   Thumb Code    20  lib.o(i._ZN7cHwPort3Pin7setModeENS_4ModeE)
    cHwPort::Pin::Pin(cHwPort&, unsigned char) 0x08001135   Thumb Code    20  lib.o(i._ZN7cHwPort3PinC1ERS_h)
    cHwPort::Pin::Pin__sub_object(cHwPort&, unsigned char) 0x08001135   Thumb Code     0  lib.o(i._ZN7cHwPort3PinC1ERS_h)
    cHwPort::cHwPort__sub_object()           0x0800114d   Thumb Code     6  lib.o(i._ZN7cHwPortC2Ev)
    cSystem::enableInterrupt()               0x08001159   Thumb Code    28  lib.o(i._ZN7cSystem15enableInterruptEv)
    cSystem::disableInterrupt()              0x08001179   Thumb Code    14  lib.o(i._ZN7cSystem16disableInterruptEv)
    cHwUSB_0::EndpointIN::transmitZLP()      0x0800118d   Thumb Code    42  lib.o(i._ZN8cHwUSB_010EndpointIN11transmitZLPEv)
    cHwUSB_0::EndpointIN::writeToFifo()      0x080011b9   Thumb Code    98  lib.o(i._ZN8cHwUSB_010EndpointIN11writeToFifoEv)
    cHwUSB_0::EndpointIN::clrInterrupt(unsigned) 0x08001221   Thumb Code     8  lib.o(i._ZN8cHwUSB_010EndpointIN12clrInterruptEj)
    cHwUSB_0::EndpointIN::getInterrupt()     0x08001229   Thumb Code    34  lib.o(i._ZN8cHwUSB_010EndpointIN12getInterruptEv)
    cHwUSB_0::EndpointIN::config(unsigned short, unsigned char) 0x08001251   Thumb Code    80  lib.o(i._ZN8cHwUSB_010EndpointIN6configEth)
    cHwUSB_0::EndpointIN::transmit(bool)     0x080012a5   Thumb Code   138  lib.o(i._ZN8cHwUSB_010EndpointIN8transmitEb)
    cHwUSB_0::EndpointOUT::receiveZLP()      0x08001339   Thumb Code    52  lib.o(i._ZN8cHwUSB_011EndpointOUT10receiveZLPEv)
    cHwUSB_0::EndpointOUT::clrInterrupt(unsigned) 0x0800136d   Thumb Code     8  lib.o(i._ZN8cHwUSB_011EndpointOUT12clrInterruptEj)
    cHwUSB_0::EndpointOUT::getInterrupt()    0x08001375   Thumb Code    16  lib.o(i._ZN8cHwUSB_011EndpointOUT12getInterruptEv)
    cHwUSB_0::EndpointOUT::readFromFifo(unsigned short) 0x08001389   Thumb Code    50  lib.o(i._ZN8cHwUSB_011EndpointOUT12readFromFifoEt)
    cHwUSB_0::EndpointOUT::config(unsigned short, unsigned char) 0x080013bd   Thumb Code    96  lib.o(i._ZN8cHwUSB_011EndpointOUT6configEth)
    cHwUSB_0::EndpointOUT::receive()         0x08001425   Thumb Code   104  lib.o(i._ZN8cHwUSB_011EndpointOUT7receiveEv)
    cHwUSB_0::clrInterrupt(unsigned)         0x08001491   Thumb Code    16  lib.o(i._ZN8cHwUSB_012clrInterruptEj)
    cHwUSB_0::getInInterrupt()               0x080014a1   Thumb Code    18  lib.o(i._ZN8cHwUSB_014getInInterruptEv)
    cHwUSB_0::getOutInterrupt()              0x080014b9   Thumb Code    18  lib.o(i._ZN8cHwUSB_015getOutInterruptEv)
    cHwUSB_0::isInterruptPending(unsigned)   0x080014d1   Thumb Code    30  lib.o(i._ZN8cHwUSB_018isInterruptPendingEj)
    cHwUSB_0::isr()                          0x080014f1   Thumb Code   936  lib.o(i._ZN8cHwUSB_03isrEv)
    cHwPort_N::setPinMode(unsigned char, cHwPort::Mode) 0x0800189d   Thumb Code   136  lib.o(i._ZN9cHwPort_N10setPinModeEhN7cHwPort4ModeE)
    cHwPort_N::clr(unsigned)                 0x08001925   Thumb Code     6  lib.o(i._ZN9cHwPort_N3clrEj)
    cHwPort_N::set(unsigned)                 0x0800192b   Thumb Code     6  lib.o(i._ZN9cHwPort_N3setEj)
    cHwPort_N::setMode(unsigned, cHwPort::Mode) 0x08001931   Thumb Code    46  lib.o(i._ZN9cHwPort_N7setModeEjN7cHwPort4ModeE)
    cHwPort_N::cHwPort_N(cHwPort_N::PortId)  0x08001961   Thumb Code   206  lib.o(i._ZN9cHwPort_NC1ENS_6PortIdE)
    cHwPort_N::cHwPort_N__sub_object(cHwPort_N::PortId) 0x08001961   Thumb Code     0  lib.o(i._ZN9cHwPort_NC1ENS_6PortIdE)
    cHwUART_N::isr()                         0x08001a5d   Thumb Code    50  lib.o(i._ZN9cHwUART_N3isrEv)
    cHwDisplayFont::getCharWidth() const     0x08001a8f   Thumb Code     8  lib.o(i._ZNK14cHwDisplayFont12getCharWidthEv)
    cHwDisplayFont::getCharHeight() const    0x08001a97   Thumb Code     8  lib.o(i._ZNK14cHwDisplayFont13getCharHeightEv)
    __cxa_pure_virtual                       0x08001a9f   Thumb Code     4  lib.o(i.__cxa_pure_virtual)
    main                                     0x08001b21   Thumb Code    18  main.o(i.main)
    MIN<unsigned char>(T1, T1)               0x08001b39   Thumb Code    14  lib.o(t._Z3MINIhET_S0_S0_)
    _fp_init                                 0x08001b47   Thumb Code    10  fpinit.o(x$fpl$fpinit)
    __fplib_config_fpu_vfp                   0x08001b4f   Thumb Code     0  fpinit.o(x$fpl$fpinit)
    __fplib_config_pureend_doubles           0x08001b4f   Thumb Code     0  fpinit.o(x$fpl$fpinit)
    vtable for Controller                    0x08001fd8   Data          12  controller.o(.constdata__ZTV10Controller)
    vtable for cHwDisplay                    0x08001fe4   Data          28  lib.o(.constdata__ZTV10cHwDisplay)
    vtable for cDevDigital                   0x08002000   Data          68  lib.o(.constdata__ZTV11cDevDigital)
    vtable for DMA_STM32F04                  0x08002044   Data          12  dma_stm32f04.o(.constdata__ZTV12DMA_STM32F04)
    vtable for cHwDisplayGraphic             0x08002050   Data          80  lib.o(.constdata__ZTV17cHwDisplayGraphic)
    vtable for cHwDisp_Framebuffer           0x080020a0   Data          84  lib.o(.constdata__ZTV19cHwDisp_Framebuffer)
    vtable for DMA                           0x080020f4   Data          12  dma_stm32f04.o(.constdata__ZTV3DMA)
    vtable for cHwPort                       0x08002100   Data          32  lib.o(.constdata__ZTV7cHwPort)
    vtable for cHwPort_N                     0x08002120   Data          32  lib.o(.constdata__ZTV9cHwPort_N)
    vtable for cList::Item                   0x08002140   Data          12  lib.o(.constdata__ZTVN5cList4ItemE)
    vtable for cHwPort::Pin                  0x0800214c   Data          28  lib.o(.constdata__ZTVN7cHwPort3PinE)
    Region$$Table$$Base                      0x08002168   Number         0  anon$$obj.o(Region$$Table)
    Region$$Table$$Limit                     0x08002188   Number         0  anon$$obj.o(Region$$Table)
    SHT$$INIT_ARRAY$$Base                    0x08002188   Number         0  main.o(.init_array)
    SHT$$INIT_ARRAY$$Limit                   0x0800218c   Number         0  main.o(.init_array)
    cSystem::cntInterrupt                    0x20000000   Data           1  lib.o(.data)
    cHwRTOS_MCU::schedule                    0x20000004   Data           4  lib.o(.data)
    cHwRTOS_MCU::sysTic                      0x20000008   Data           4  lib.o(.data)
    cHwRTOS_MCU::sysTicTime                  0x2000000c   Data           4  lib.o(.data)
    cHwADC_0::adcPtr                         0x20000010   Data           4  lib.o(.data)
    cHwTimer_N::timerPtr_1                   0x20000014   Data           4  lib.o(.data)
    cHwTimer_N::timerPtr_2                   0x20000018   Data           4  lib.o(.data)
    cHwTimer_N::timerPtr_3                   0x2000001c   Data           4  lib.o(.data)
    cHwTimer_N::timerPtr_4                   0x20000020   Data           4  lib.o(.data)
    cHwTimer_N::timerPtr_5                   0x20000024   Data           4  lib.o(.data)
    cHwTimer_N::timerPtr_7                   0x20000028   Data           4  lib.o(.data)
    cHwTimer_N::timerPtr_8                   0x2000002c   Data           4  lib.o(.data)
    cHwTimer_N::timerPtr_9                   0x20000030   Data           4  lib.o(.data)
    cHwTimer_N::timerPtr_10                  0x20000034   Data           4  lib.o(.data)
    cHwTimer_N::timerPtr_11                  0x20000038   Data           4  lib.o(.data)
    cHwTimer_N::timerPtr_14                  0x2000003c   Data           4  lib.o(.data)
    cHwUART_N::uartPtr_1                     0x20000040   Data           4  lib.o(.data)
    cHwUART_N::uartPtr_2                     0x20000044   Data           4  lib.o(.data)
    cHwUART_N::uartPtr_3                     0x20000048   Data           4  lib.o(.data)
    cHwUART_N::uartPtr_4                     0x2000004c   Data           4  lib.o(.data)
    cHwUART_N::uartPtr_6                     0x20000050   Data           4  lib.o(.data)
    cHwUSB_0::usbPtr                         0x20000054   Data           4  lib.o(.data)
    DMATxDescToSet                           0x20000060   Data           4  lib.o(.data)
    DMARxDescToGet                           0x20000064   Data           4  lib.o(.data)
    DMA_RX_FRAME_infos                       0x20000068   Data           4  lib.o(.data)
    Frame_Rx_index                           0x2000006c   Data           4  lib.o(.data)
    cHwPinConfig::table                      0x20000070   Data           4  main.o(.data)
    portD                                    0x20000074   Data           8  main.o(.data)
    Line                                     0x2000008c   Data           4  vga.o(.data)
    __dma                                    0x20000090   Data           4  dma_stm32f04.o(.data)
    led                                      0x20000094   Data          24  main.o(.bss)
    controller1                              0x200000ac   Data          96  main.o(.bss)
    controller2                              0x2000010c   Data          96  main.o(.bss)
    dma                                      0x2000016c   Data          20  main.o(.bss)
    vga2                                     0x20000180   Data         100  main.o(.bss)
    __libspace_start                         0x200001e4   Data          96  libspace.o(.bss)
    __temporary_stack_top$libspace           0x20000244   Data           0  libspace.o(.bss)



==============================================================================

Memory Map of the image

  Image Entry point : 0x08000189

  Load Region LR_IROM1 (Base: 0x08000000, Size: 0x00002220, Max: 0x00010000, ABSOLUTE)

    Execution Region ER_IROM1 (Base: 0x08000000, Size: 0x0000218c, Max: 0x00010000, ABSOLUTE)

    Base Addr    Size         Type   Attr      Idx    E Section Name        Object

    0x08000000   0x00000188   Data   RO         6057    RESET               startup_stm32f4xx.o
    0x08000188   0x00000008   Code   RO         6680  * !!!main             c_w.l(__main.o)
    0x08000190   0x00000034   Code   RO         7195    !!!scatter          c_w.l(__scatter.o)
    0x080001c4   0x0000001a   Code   RO         7197    !!handler_copy      c_w.l(__scatter_copy.o)
    0x080001de   0x00000002   PAD
    0x080001e0   0x0000001c   Code   RO         7199    !!handler_zi        c_w.l(__scatter_zi.o)
    0x080001fc   0x00000002   Code   RO         7126    .ARM.Collect$$libinit$$00000000  c_w.l(libinit.o)
    0x080001fe   0x00000004   Code   RO         6933    .ARM.Collect$$libinit$$00000001  c_w.l(libinit2.o)
    0x08000202   0x00000000   Code   RO         6937    .ARM.Collect$$libinit$$00000008  c_w.l(libinit2.o)
    0x08000202   0x00000000   Code   RO         6939    .ARM.Collect$$libinit$$0000000A  c_w.l(libinit2.o)
    0x08000202   0x00000000   Code   RO         6941    .ARM.Collect$$libinit$$0000000C  c_w.l(libinit2.o)
    0x08000202   0x00000000   Code   RO         6944    .ARM.Collect$$libinit$$0000000F  c_w.l(libinit2.o)
    0x08000202   0x00000000   Code   RO         6946    .ARM.Collect$$libinit$$00000011  c_w.l(libinit2.o)
    0x08000202   0x00000000   Code   RO         6948    .ARM.Collect$$libinit$$00000013  c_w.l(libinit2.o)
    0x08000202   0x00000000   Code   RO         6950    .ARM.Collect$$libinit$$00000015  c_w.l(libinit2.o)
    0x08000202   0x00000000   Code   RO         6952    .ARM.Collect$$libinit$$00000017  c_w.l(libinit2.o)
    0x08000202   0x00000000   Code   RO         6954    .ARM.Collect$$libinit$$00000019  c_w.l(libinit2.o)
    0x08000202   0x00000000   Code   RO         6956    .ARM.Collect$$libinit$$0000001B  c_w.l(libinit2.o)
    0x08000202   0x00000000   Code   RO         6958    .ARM.Collect$$libinit$$0000001D  c_w.l(libinit2.o)
    0x08000202   0x00000000   Code   RO         6960    .ARM.Collect$$libinit$$0000001F  c_w.l(libinit2.o)
    0x08000202   0x00000000   Code   RO         6962    .ARM.Collect$$libinit$$00000021  c_w.l(libinit2.o)
    0x08000202   0x00000000   Code   RO         6964    .ARM.Collect$$libinit$$00000023  c_w.l(libinit2.o)
    0x08000202   0x00000000   Code   RO         6968    .ARM.Collect$$libinit$$0000002A  c_w.l(libinit2.o)
    0x08000202   0x00000000   Code   RO         6970    .ARM.Collect$$libinit$$0000002C  c_w.l(libinit2.o)
    0x08000202   0x00000000   Code   RO         6972    .ARM.Collect$$libinit$$0000002E  c_w.l(libinit2.o)
    0x08000202   0x00000004   Code   RO         6973    .ARM.Collect$$libinit$$0000002F  c_w.l(libinit2.o)
    0x08000206   0x00000000   Code   RO         6974    .ARM.Collect$$libinit$$00000030  c_w.l(libinit2.o)
    0x08000206   0x00000002   Code   RO         6975    .ARM.Collect$$libinit$$00000031  c_w.l(libinit2.o)
    0x08000208   0x00000002   Code   RO         7192    .ARM.Collect$$libshutdown$$00000000  c_w.l(libshutdown.o)
    0x0800020a   0x00000000   Code   RO         7158    .ARM.Collect$$libshutdown$$00000003  c_w.l(libshutdown2.o)
    0x0800020a   0x00000000   Code   RO         7161    .ARM.Collect$$libshutdown$$00000006  c_w.l(libshutdown2.o)
    0x0800020a   0x00000000   Code   RO         7164    .ARM.Collect$$libshutdown$$00000009  c_w.l(libshutdown2.o)
    0x0800020a   0x00000000   Code   RO         7166    .ARM.Collect$$libshutdown$$0000000B  c_w.l(libshutdown2.o)
    0x0800020a   0x00000000   Code   RO         7169    .ARM.Collect$$libshutdown$$0000000E  c_w.l(libshutdown2.o)
    0x0800020a   0x00000002   Code   RO         7170    .ARM.Collect$$libshutdown$$0000000F  c_w.l(libshutdown2.o)
    0x0800020c   0x00000000   Code   RO         6823    .ARM.Collect$$rtentry$$00000000  c_w.l(rtentry.o)
    0x0800020c   0x00000000   Code   RO         7004    .ARM.Collect$$rtentry$$00000002  c_w.l(rtentry2.o)
    0x0800020c   0x00000006   Code   RO         7016    .ARM.Collect$$rtentry$$00000004  c_w.l(rtentry4.o)
    0x08000212   0x00000000   Code   RO         7006    .ARM.Collect$$rtentry$$00000009  c_w.l(rtentry2.o)
    0x08000212   0x00000004   Code   RO         7007    .ARM.Collect$$rtentry$$0000000A  c_w.l(rtentry2.o)
    0x08000216   0x00000000   Code   RO         7009    .ARM.Collect$$rtentry$$0000000C  c_w.l(rtentry2.o)
    0x08000216   0x00000008   Code   RO         7010    .ARM.Collect$$rtentry$$0000000D  c_w.l(rtentry2.o)
    0x0800021e   0x00000002   Code   RO         7139    .ARM.Collect$$rtexit$$00000000  c_w.l(rtexit.o)
    0x08000220   0x00000000   Code   RO         7172    .ARM.Collect$$rtexit$$00000002  c_w.l(rtexit2.o)
    0x08000220   0x00000004   Code   RO         7173    .ARM.Collect$$rtexit$$00000003  c_w.l(rtexit2.o)
    0x08000224   0x00000006   Code   RO         7174    .ARM.Collect$$rtexit$$00000004  c_w.l(rtexit2.o)
    0x0800022a   0x00000002   PAD
    0x0800022c   0x0000002c   Code   RO         6051    .text               rtoscontext.o
    0x08000258   0x00000040   Code   RO         6058    .text               startup_stm32f4xx.o
    0x08000298   0x00000010   Code   RO         6664    .text               c_w.l(abort.o)
    0x080002a8   0x00000010   Code   RO         6674    .text               c_w.l(aeabi_memset.o)
    0x080002b8   0x00000044   Code   RO         6676    .text               c_w.l(rt_memclr.o)
    0x080002fc   0x00000006   Code   RO         6678    .text               c_w.l(heapauxi.o)
    0x08000302   0x00000002   PAD
    0x08000304   0x00000024   Code   RO         6685    .text               c_w.l(init_aeabi.o)
    0x08000328   0x0000000c   Code   RO         6819    .text               c_w.l(sys_exit.o)
    0x08000334   0x0000000e   Code   RO         6923    .text               c_w.l(defsig_abrt_outer.o)
    0x08000342   0x0000004e   Code   RO         6929    .text               c_w.l(rt_memclr_w.o)
    0x08000390   0x00000008   Code   RO         6997    .text               c_w.l(libspace.o)
    0x08000398   0x00000002   Code   RO         7000    .text               c_w.l(use_no_semi.o)
    0x0800039a   0x00000000   Code   RO         7002    .text               c_w.l(indicate_semi.o)
    0x0800039a   0x0000000a   Code   RO         7047    .text               c_w.l(defsig_exit.o)
    0x080003a4   0x00000030   Code   RO         7049    .text               c_w.l(defsig_abrt_inner.o)
    0x080003d4   0x0000004a   Code   RO         7064    .text               c_w.l(sys_stackheap_outer.o)
    0x0800041e   0x0000000c   Code   RO         7105    .text               c_w.l(exit.o)
    0x0800042a   0x00000032   Code   RO         7109    .text               c_w.l(defsig_general.o)
    0x0800045c   0x0000000e   Code   RO         7137    .text               c_w.l(sys_wrch.o)
    0x0800046a   0x00000002   PAD
    0x0800046c   0x00000028   Code   RO            3    i.ADC_IRQHandler    lib.o
    0x08000494   0x00000040   Code   RO         6495    i.DMA2_Stream1_IRQHandler  dma_stm32f04.o
    0x080004d4   0x00000014   Code   RO         6389    i.LowerHSyncLine    vga.o
    0x080004e8   0x00000014   Code   RO         6390    i.LowerVSyncLine    vga.o
    0x080004fc   0x00000018   Code   RO            4    i.OTG_FS_IRQHandler  lib.o
    0x08000514   0x0000002c   Code   RO            5    i.PendSV_Handler    lib.o
    0x08000540   0x00000014   Code   RO         6391    i.RaiseHSyncLine    vga.o
    0x08000554   0x00000014   Code   RO         6392    i.RaiseVSyncLine    vga.o
    0x08000568   0x0000003c   Code   RO            6    i.SysTick_Handler   lib.o
    0x080005a4   0x00000130   Code   RO            7    i.SystemInit        lib.o
    0x080006d4   0x000000dc   Code   RO         6393    i.TIM1_BRK_TIM9_IRQHandler  vga.o
    0x080007b0   0x00000038   Code   RO            8    i.TIM1_UP_TIM10_IRQHandler  lib.o
    0x080007e8   0x00000010   Code   RO            9    i.TIM2_IRQHandler   lib.o
    0x080007f8   0x00000010   Code   RO           10    i.TIM3_IRQHandler   lib.o
    0x08000808   0x00000010   Code   RO           11    i.TIM4_IRQHandler   lib.o
    0x08000818   0x00000010   Code   RO           12    i.TIM5_IRQHandler   lib.o
    0x08000828   0x00000010   Code   RO           13    i.TIM7_IRQHandler   lib.o
    0x08000838   0x00000010   Code   RO           14    i.TIM8_CC_IRQHandler  lib.o
    0x08000848   0x00000010   Code   RO           15    i.UART4_IRQHandler  lib.o
    0x08000858   0x00000010   Code   RO           16    i.USART1_IRQHandler  lib.o
    0x08000868   0x00000010   Code   RO           17    i.USART2_IRQHandler  lib.o
    0x08000878   0x00000010   Code   RO           18    i.USART3_IRQHandler  lib.o
    0x08000888   0x00000010   Code   RO           19    i.USART6_IRQHandler  lib.o
    0x08000898   0x00000058   Code   RO         6394    i._Z10enable_IRQhhi  vga.o
    0x080008f0   0x00000058   Code   RO         6496    i._Z10enable_IRQhhi  dma_stm32f04.o
    0x08000948   0x000000a4   Code   RO         6395    i._Z8initPinsj      vga.o
    0x080009ec   0x000000a4   Code   RO         6497    i._Z8initPinsj      dma_stm32f04.o
    0x08000a90   0x00000088   Code   RO         5258    i._ZN10ControllerC1EN9cHwPort_N6PortIdEhhh  main.o
    0x08000b18   0x00000010   Code   RO           37    i._ZN10cHwDisplayC2Ehh  lib.o
    0x08000b28   0x00000018   Code   RO           38    i._ZN10cHwTimer_N5isr_NEv  lib.o
    0x08000b40   0x00000020   Code   RO           56    i._ZN11cDevDigital3setEb  lib.o
    0x08000b60   0x0000004c   Code   RO           58    i._ZN11cDevDigitalC1ER7cHwPorthNS_4ModeEb  lib.o
    0x08000bac   0x00000040   Code   RO         6540    i._ZN12DMA_STM32F048startDMAEj  dma_stm32f04.o
    0x08000bec   0x000000c0   Code   RO         6498    i._ZN12DMA_STM32F04C1Ej9cHwPort_Nj  dma_stm32f04.o
    0x08000cac   0x0000002a   Code   RO          127    i._ZN14cHwDisplayFont7setCharEh  lib.o
    0x08000cd6   0x00000030   Code   RO          128    i._ZN14cHwDisplayFont8getPixelEhh  lib.o
    0x08000d06   0x0000000a   Code   RO          129    i._ZN14cHwDisplayFontC1EPK24cHwDisplayFontPropertiesPKh  lib.o
    0x08000d10   0x00000006   Code   RO          220    i._ZN17cHwDisplayGraphic12gotoPixelPosEtt  lib.o
    0x08000d16   0x0000004a   Code   RO          221    i._ZN17cHwDisplayGraphic12putRectangleEtttt  lib.o
    0x08000d60   0x00000004   Code   RO          222    i._ZN17cHwDisplayGraphic12setBackColorEt  lib.o
    0x08000d64   0x00000004   Code   RO          224    i._ZN17cHwDisplayGraphic13setPaintColorEt  lib.o
    0x08000d68   0x000000c6   Code   RO          225    i._ZN17cHwDisplayGraphic7putCharEc  lib.o
    0x08000e2e   0x00000002   PAD
    0x08000e30   0x00000044   Code   RO          230    i._ZN17cHwDisplayGraphicC2E14cHwDisplayFonth  lib.o
    0x08000e74   0x00000012   Code   RO          271    i._ZN19cHwDisp_Framebuffer5clearEv  lib.o
    0x08000e86   0x00000016   Code   RO          272    i._ZN19cHwDisp_Framebuffer7setAreaEtttt  lib.o
    0x08000e9c   0x00000042   Code   RO          273    i._ZN19cHwDisp_Framebuffer8setPixelEt  lib.o
    0x08000ede   0x00000010   Code   RO          274    i._ZN19cHwDisp_Framebuffer8setPixelEttt  lib.o
    0x08000eee   0x00000016   Code   RO          275    i._ZN19cHwDisp_Framebuffer9resetAreaEv  lib.o
    0x08000f04   0x00000038   Code   RO          276    i._ZN19cHwDisp_FramebufferC1EPh14cHwDisplayFonth  lib.o
    0x08000f3c   0x000000e8   Code   RO         6396    i._ZN3VGA4initEv    vga.o
    0x08001024   0x0000001e   Code   RO         6397    i._ZN3VGA4putsEPci  vga.o
    0x08001042   0x00000002   PAD
    0x08001044   0x00000070   Code   RO         5264    i._ZN3VGAC1EP9cHwPort_NP3DMA  main.o
    0x080010b4   0x0000002c   Code   RO          312    i._ZN5cList3addEPNS_4ItemE  lib.o
    0x080010e0   0x00000020   Code   RO          315    i._ZN5cList4ItemC1EPS_  lib.o
    0x08001100   0x00000020   Code   RO         3130    i._ZN7cHwPort3Pin3setEb  lib.o
    0x08001120   0x00000014   Code   RO         3123    i._ZN7cHwPort3Pin7setModeENS_4ModeE  lib.o
    0x08001134   0x00000018   Code   RO          337    i._ZN7cHwPort3PinC1ERS_h  lib.o
    0x0800114c   0x0000000c   Code   RO         3426    i._ZN7cHwPortC2Ev   lib.o
    0x08001158   0x00000020   Code   RO          389    i._ZN7cSystem15enableInterruptEv  lib.o
    0x08001178   0x00000014   Code   RO          390    i._ZN7cSystem16disableInterruptEv  lib.o
    0x0800118c   0x0000002a   Code   RO          405    i._ZN8cHwUSB_010EndpointIN11transmitZLPEv  lib.o
    0x080011b6   0x00000002   PAD
    0x080011b8   0x00000068   Code   RO          406    i._ZN8cHwUSB_010EndpointIN11writeToFifoEv  lib.o
    0x08001220   0x00000008   Code   RO          407    i._ZN8cHwUSB_010EndpointIN12clrInterruptEj  lib.o
    0x08001228   0x00000028   Code   RO          408    i._ZN8cHwUSB_010EndpointIN12getInterruptEv  lib.o
    0x08001250   0x00000054   Code   RO          414    i._ZN8cHwUSB_010EndpointIN6configEth  lib.o
    0x080012a4   0x00000094   Code   RO          417    i._ZN8cHwUSB_010EndpointIN8transmitEb  lib.o
    0x08001338   0x00000034   Code   RO          422    i._ZN8cHwUSB_011EndpointOUT10receiveZLPEv  lib.o
    0x0800136c   0x00000008   Code   RO          423    i._ZN8cHwUSB_011EndpointOUT12clrInterruptEj  lib.o
    0x08001374   0x00000014   Code   RO          424    i._ZN8cHwUSB_011EndpointOUT12getInterruptEv  lib.o
    0x08001388   0x00000032   Code   RO          425    i._ZN8cHwUSB_011EndpointOUT12readFromFifoEt  lib.o
    0x080013ba   0x00000002   PAD
    0x080013bc   0x00000068   Code   RO          431    i._ZN8cHwUSB_011EndpointOUT6configEth  lib.o
    0x08001424   0x0000006c   Code   RO          432    i._ZN8cHwUSB_011EndpointOUT7receiveEv  lib.o
    0x08001490   0x00000010   Code   RO          436    i._ZN8cHwUSB_012clrInterruptEj  lib.o
    0x080014a0   0x00000018   Code   RO          437    i._ZN8cHwUSB_014getInInterruptEv  lib.o
    0x080014b8   0x00000018   Code   RO          438    i._ZN8cHwUSB_015getOutInterruptEv  lib.o
    0x080014d0   0x0000001e   Code   RO          439    i._ZN8cHwUSB_018isInterruptPendingEj  lib.o
    0x080014ee   0x00000002   PAD
    0x080014f0   0x000003ac   Code   RO         3116    i._ZN8cHwUSB_03isrEv  lib.o
    0x0800189c   0x00000088   Code   RO          456    i._ZN9cHwPort_N10setPinModeEhN7cHwPort4ModeE  lib.o
    0x08001924   0x00000006   Code   RO         3525    i._ZN9cHwPort_N3clrEj  lib.o
    0x0800192a   0x00000006   Code   RO         3513    i._ZN9cHwPort_N3setEj  lib.o
    0x08001930   0x0000002e   Code   RO          457    i._ZN9cHwPort_N7setModeEjN7cHwPort4ModeE  lib.o
    0x0800195e   0x00000002   PAD
    0x08001960   0x000000fc   Code   RO          458    i._ZN9cHwPort_NC1ENS_6PortIdE  lib.o
    0x08001a5c   0x00000032   Code   RO          459    i._ZN9cHwUART_N3isrEv  lib.o
    0x08001a8e   0x00000008   Code   RO          461    i._ZNK14cHwDisplayFont12getCharWidthEv  lib.o
    0x08001a96   0x00000008   Code   RO          462    i._ZNK14cHwDisplayFont13getCharHeightEv  lib.o
    0x08001a9e   0x00000004   Code   RO          466    i.__cxa_pure_virtual  lib.o
    0x08001aa2   0x00000002   PAD
    0x08001aa4   0x0000007c   Code   RO         5227    i.__sti___8_main_cpp  main.o
    0x08001b20   0x00000018   Code   RO         5228    i.main              main.o
    0x08001b38   0x0000000e   Code   RO         3370    t._Z3MINIhET_S0_S0_  lib.o
    0x08001b46   0x0000000a   Code   RO         7062    x$fpl$fpinit        fz_wm.l(fpinit.o)
    0x08001b50   0x00000485   Data   RO         5233    .constdata          main.o
    0x08001fd5   0x00000003   PAD
    0x08001fd8   0x0000000c   Data   RO         6080    .constdata__ZTV10Controller  controller.o
    0x08001fe4   0x0000001c   Data   RO         4061    .constdata__ZTV10cHwDisplay  lib.o
    0x08002000   0x00000044   Data   RO         3024    .constdata__ZTV11cDevDigital  lib.o
    0x08002044   0x0000000c   Data   RO         6535    .constdata__ZTV12DMA_STM32F04  dma_stm32f04.o
    0x08002050   0x00000050   Data   RO         3012    .constdata__ZTV17cHwDisplayGraphic  lib.o
    0x080020a0   0x00000054   Data   RO         3064    .constdata__ZTV19cHwDisp_Framebuffer  lib.o
    0x080020f4   0x0000000c   Data   RO         6533    .constdata__ZTV3DMA  dma_stm32f04.o
    0x08002100   0x00000020   Data   RO         4046    .constdata__ZTV7cHwPort  lib.o
    0x08002120   0x00000020   Data   RO         3000    .constdata__ZTV9cHwPort_N  lib.o
    0x08002140   0x0000000c   Data   RO         4042    .constdata__ZTVN5cList4ItemE  lib.o
    0x0800214c   0x0000001c   Data   RO         4044    .constdata__ZTVN7cHwPort3PinE  lib.o
    0x08002168   0x00000020   Data   RO         7193    Region$$Table       anon$$obj.o
    0x08002188   0x00000004   Data   RO         5235    .init_array         main.o


    Execution Region RW_IRAM1 (Base: 0x20000000, Size: 0x00008248, Max: 0x00010000, ABSOLUTE)

    Base Addr    Size         Type   Attr      Idx    E Section Name        Object

    0x20000000   0x00000070   Data   RW          933    .data               lib.o
    0x20000070   0x0000000c   Data   RW         5234    .data               main.o
    0x2000007c   0x00000014   Data   RW         6407    .data               vga.o
    0x20000090   0x00000004   Data   RW         6503    .data               dma_stm32f04.o
    0x20000094   0x00000150   Zero   RW         5232    .bss                main.o
    0x200001e4   0x00000060   Zero   RW         6998    .bss                c_w.l(libspace.o)
    0x20000244   0x00000004   PAD
    0x20000248   0x00004000   Zero   RW         6056    HEAP                startup_stm32f4xx.o
    0x20004248   0x00004000   Zero   RW         6055    STACK               startup_stm32f4xx.o


==============================================================================

Image component sizes


      Code (inc. data)   RO Data    RW Data    ZI Data      Debug   Object Name

         0          0         12          0          0     245412   controller.o
       572         78         24          4          0       5838   dma_stm32f04.o
      4054        284        364        112          0     337905   lib.o
       396         46       1161         12        336      25116   main.o
        44          0          0          0          0        464   rtoscontext.o
        64         26        392          0      32768        868   startup_stm32f4xx.o
       814        108          0         20          0       9910   vga.o

    ----------------------------------------------------------------------
      5958        542       1988        148      33104     625513   Object Totals
         0          0         32          0          0          0   (incl. Generated)
        14          0          3          0          0          0   (incl. Padding)

    ----------------------------------------------------------------------

      Code (inc. data)   RO Data    RW Data    ZI Data      Debug   Library Member Name

         8          0          0          0          0         68   __main.o
        52          8          0          0          0          0   __scatter.o
        26          0          0          0          0          0   __scatter_copy.o
        28          0          0          0          0          0   __scatter_zi.o
        16          0          0          0          0         72   abort.o
        16          0          0          0          0         68   aeabi_memset.o
        48         34          0          0          0         76   defsig_abrt_inner.o
        14          0          0          0          0         80   defsig_abrt_outer.o
        10          0          0          0          0         68   defsig_exit.o
        50          0          0          0          0         88   defsig_general.o
        12          0          0          0          0         72   exit.o
         6          0          0          0          0        152   heapauxi.o
         0          0          0          0          0          0   indicate_semi.o
        36         10          0          0          0         80   init_aeabi.o
         2          0          0          0          0          0   libinit.o
        10          0          0          0          0          0   libinit2.o
         2          0          0          0          0          0   libshutdown.o
         2          0          0          0          0          0   libshutdown2.o
         8          4          0          0         96         68   libspace.o
        68          0          0          0          0         68   rt_memclr.o
        78          0          0          0          0         80   rt_memclr_w.o
         0          0          0          0          0          0   rtentry.o
        12          0          0          0          0          0   rtentry2.o
         6          0          0          0          0          0   rtentry4.o
         2          0          0          0          0          0   rtexit.o
        10          0          0          0          0          0   rtexit2.o
        12          4          0          0          0         68   sys_exit.o
        74          0          0          0          0         80   sys_stackheap_outer.o
        14          0          0          0          0         76   sys_wrch.o
         2          0          0          0          0         68   use_no_semi.o
        10          0          0          0          0        116   fpinit.o

    ----------------------------------------------------------------------
       642         60          0          0        100       1448   Library Totals
         8          0          0          0          4          0   (incl. Padding)

    ----------------------------------------------------------------------

      Code (inc. data)   RO Data    RW Data    ZI Data      Debug   Library Name

       624         60          0          0         96       1332   c_w.l
        10          0          0          0          0        116   fz_wm.l

    ----------------------------------------------------------------------
       642         60          0          0        100       1448   Library Totals

    ----------------------------------------------------------------------

==============================================================================


      Code (inc. data)   RO Data    RW Data    ZI Data      Debug   

      6600        602       1988        148      33204     617481   Grand Totals
      6600        602       1988        148      33204     617481   ELF Image Totals
      6600        602       1988        148          0          0   ROM Totals

==============================================================================

    Total RO  Size (Code + RO Data)                 8588 (   8.39kB)
    Total RW  Size (RW Data + ZI Data)             33352 (  32.57kB)
    Total ROM Size (Code + RO Data + RW Data)       8736 (   8.53kB)

==============================================================================

